[     625ms] [INFO] %cDownload the React DevTools for a better development experience: https://react.dev/link/react-devtools font-weight:bold @ http://localhost:8080/_next/static/chunks/0jdh_next_dist_0znciib._.js:776
[     684ms] [LOG] [HMR] connected @ http://localhost:8080/_next/static/chunks/0jdh_next_dist_0znciib._.js:776
[     777ms] [ERROR] Failed to load resource: the server responded with a status of 404 (Not Found) @ http://localhost:8080/favicon.ico:0
[   98712ms] [INFO] [rspack-dev-server] Server started: Hot Module Replacement enabled, Live Reloading enabled, Progress disabled, Overlay enabled. @ http://localhost:8080/main.js:7071
[   98714ms] [LOG] [HMR] Waiting for update signal from WDS... @ http://localhost:8080/main.js:6408
[   98881ms] [INFO] %cDownload the React DevTools for a better development experience: https://react.dev/link/react-devtools font-weight:bold @ http://localhost:8080/vendors-node_modules_pnpm_react-dom_19_3_0_react_19_3_0_node_modules_react-dom_client_js-node-40c95e.js:31149
[   99016ms] [INFO] [rspack-dev-server] Server started: Hot Module Replacement enabled, Live Reloading enabled, Progress disabled, Overlay enabled. @ http://localhost:3001/remoteEntry.js:7072
[   99017ms] [LOG] [HMR] Waiting for update signal from WDS... @ http://localhost:3001/remoteEntry.js:6409
[   99983ms] [INFO] [auth] user logged in u-ada @ http://localhost:3001/src_session-store_ts.js:320
[  100103ms] [INFO] [rspack-dev-server] Server started: Hot Module Replacement enabled, Live Reloading enabled, Progress disabled, Overlay enabled. @ http://localhost:3002/remoteEntry.js:7072
[  100105ms] [LOG] [HMR] Waiting for update signal from WDS... @ http://localhost:3002/remoteEntry.js:6409
[  103267ms] [INFO] %cDownload the React DevTools for a better development experience: https://react.dev/link/react-devtools font-weight:bold @ http://localhost:8080/_next/static/chunks/0jdh_next_dist_0znciib._.js:776
[  103289ms] [LOG] [HMR] connected @ http://localhost:8080/_next/static/chunks/0jdh_next_dist_0znciib._.js:776
[  119057ms] [ERROR] WebSocket connection to 'ws://localhost:8080/_next/hmr?id=E1JBoZ9A3-PSuQDeXcq6S' failed: Error in connection establishment: net::ERR_CONNECTION_REFUSED @ http://localhost:8080/_next/static/chunks/0jdh_next_dist_client_1bd978e._.js:16348
[  120075ms] [ERROR] WebSocket connection to 'ws://localhost:8080/_next/hmr?id=E1JBoZ9A3-PSuQDeXcq6S' failed: Error in connection establishment: net::ERR_CONNECTION_REFUSED @ http://localhost:8080/_next/static/chunks/0jdh_next_dist_client_1bd978e._.js:16348
[  121085ms] [ERROR] WebSocket connection to 'ws://localhost:8080/_next/hmr?id=E1JBoZ9A3-PSuQDeXcq6S' failed: Error in connection establishment: net::ERR_CONNECTION_REFUSED @ http://localhost:8080/_next/static/chunks/0jdh_next_dist_client_1bd978e._.js:16348
[  122094ms] [ERROR] WebSocket connection to 'ws://localhost:8080/_next/hmr?id=E1JBoZ9A3-PSuQDeXcq6S' failed: Error in connection establishment: net::ERR_CONNECTION_REFUSED @ http://localhost:8080/_next/static/chunks/0jdh_next_dist_client_1bd978e._.js:16348
[  123101ms] [ERROR] WebSocket connection to 'ws://localhost:8080/_next/hmr?id=E1JBoZ9A3-PSuQDeXcq6S' failed: Error in connection establishment: net::ERR_CONNECTION_REFUSED @ http://localhost:8080/_next/static/chunks/0jdh_next_dist_client_1bd978e._.js:16348
[  128116ms] [ERROR] WebSocket connection to 'ws://localhost:8080/_next/hmr?id=E1JBoZ9A3-PSuQDeXcq6S' failed: Error in connection establishment: net::ERR_CONNECTION_REFUSED @ http://localhost:8080/_next/static/chunks/0jdh_next_dist_client_1bd978e._.js:16348
[  133125ms] [ERROR] WebSocket connection to 'ws://localhost:8080/_next/hmr?id=E1JBoZ9A3-PSuQDeXcq6S' failed: Error in connection establishment: net::ERR_CONNECTION_REFUSED @ http://localhost:8080/_next/static/chunks/0jdh_next_dist_client_1bd978e._.js:16348
[  138143ms] [ERROR] WebSocket connection to 'ws://localhost:8080/_next/hmr?id=E1JBoZ9A3-PSuQDeXcq6S' failed: Error in connection establishment: net::ERR_CONNECTION_REFUSED @ http://localhost:8080/_next/static/chunks/0jdh_next_dist_client_1bd978e._.js:16348
[  143157ms] [ERROR] WebSocket connection to 'ws://localhost:8080/_next/hmr?id=E1JBoZ9A3-PSuQDeXcq6S' failed: Error in connection establishment: net::ERR_CONNECTION_REFUSED @ http://localhost:8080/_next/static/chunks/0jdh_next_dist_client_1bd978e._.js:16348
[  148170ms] [ERROR] WebSocket connection to 'ws://localhost:8080/_next/hmr?id=E1JBoZ9A3-PSuQDeXcq6S' failed: Error in connection establishment: net::ERR_CONNECTION_REFUSED @ http://localhost:8080/_next/static/chunks/0jdh_next_dist_client_1bd978e._.js:16348
[  153181ms] [ERROR] WebSocket connection to 'ws://localhost:8080/_next/hmr?id=E1JBoZ9A3-PSuQDeXcq6S' failed: Error in connection establishment: net::ERR_CONNECTION_REFUSED @ http://localhost:8080/_next/static/chunks/0jdh_next_dist_client_1bd978e._.js:16348
[  158199ms] [ERROR] WebSocket connection to 'ws://localhost:8080/_next/hmr?id=E1JBoZ9A3-PSuQDeXcq6S' failed: Error in connection establishment: net::ERR_CONNECTION_REFUSED @ http://localhost:8080/_next/static/chunks/0jdh_next_dist_client_1bd978e._.js:16348
