[      72ms] [INFO] [rspack-dev-server] Server started: Hot Module Replacement enabled, Live Reloading enabled, Progress disabled, Overlay enabled. @ http://localhost:3000/main.js:7071
[      74ms] [LOG] [HMR] Waiting for update signal from WDS... @ http://localhost:3000/main.js:6408
[     204ms] [INFO] %cDownload the React DevTools for a better development experience: https://react.dev/link/react-devtools font-weight:bold @ http://localhost:3000/vendors-node_modules_pnpm_react-dom_19_3_0_react_19_3_0_node_modules_react-dom_client_js-node-40c95e.js:31149
[     243ms] [ERROR] Failed to load resource: net::ERR_CONNECTION_REFUSED @ http://localhost:3001/mf-manifest.json:0
[     244ms] [WARNING] [ Federation Runtime ] Error: [ Federation Runtime ]: Failed to get manifest. #RUNTIME-003
args: {"manifestUrl":"http://localhost:3001/mf-manifest.json","moduleName":"auth","hostName":"shell"}
View the docs to see how to solve: https://module-federation.io/guide/troubleshooting/runtime#runtime-003
Original Error Message:
 TypeError: Failed to fetch
    at http://localhost:3000/main.js:3070:9
    at logAndReport (http://localhost:3000/main.js:26:9)
    at Object.error (http://localhost:3000/main.js:3069:89)
    at getManifest (http://localhost:3000/main.js:1294:21)
    at async asyncLoadProcess (http://localhost:3000/main.js:1339:25) @ http://localhost:3000/main.js:4960
[     244ms] [WARNING] [ Federation Runtime ] Error: [ Federation Runtime ]: Failed to get manifest. #RUNTIME-003
args: {"manifestUrl":"http://localhost:3001/mf-manifest.json","moduleName":"auth","hostName":"shell"}
View the docs to see how to solve: https://module-federation.io/guide/troubleshooting/runtime#runtime-003
Original Error Message:
 TypeError: Failed to fetch
    at http://localhost:3000/main.js:3070:9
    at logAndReport (http://localhost:3000/main.js:26:9)
    at Object.error (http://localhost:3000/main.js:3069:89)
    at getManifest (http://localhost:3000/main.js:1294:21)
    at async asyncLoadProcess (http://localhost:3000/main.js:1339:25) @ http://localhost:3000/main.js:4960
[     540ms] [ERROR] %o

%s

%s
 Error: [ Federation Runtime ]: Failed to get manifest. #RUNTIME-003
args: {"manifestUrl":"http://localhost:3001/mf-manifest.json","moduleName":"auth","hostName":"shell"}
View the docs to see how to solve: https://module-federation.io/guide/troubleshooting/runtime#runtime-003
Original Error Message:
 TypeError: Failed to fetch
    at http://localhost:3000/main.js:3070:9
    at logAndReport (http://localhost:3000/main.js:26:9)
    at Object.error (http://localhost:3000/main.js:3069:89)
    at getManifest (http://localhost:3000/main.js:1294:21)
    at async asyncLoadProcess (http://localhost:3000/main.js:1339:25) The above error occurred in one of your React components. React will try to recreate this component tree from scratch using the error boundary you provided, RemoteBoundary. @ http://localhost:3000/vendors-node_modules_pnpm_react-dom_19_3_0_react_19_3_0_node_modules_react-dom_client_js-node-40c95e.js:9797
[     541ms] [ERROR] [shell] remote "auth" failed Error: [ Federation Runtime ]: Failed to get manifest. #RUNTIME-003
args: {"manifestUrl":"http://localhost:3001/mf-manifest.json","moduleName":"auth","hostName":"shell"}
View the docs to see how to solve: https://module-federation.io/guide/troubleshooting/runtime#runtime-003
Original Error Message:
 TypeError: Failed to fetch
    at http://localhost:3000/main.js:3070:9
    at logAndReport (http://localhost:3000/main.js:26:9)
    at Object.error (http://localhost:3000/main.js:3069:89)
    at getManifest (http://localhost:3000/main.js:1294:21)
    at async asyncLoadProcess (http://localhost:3000/main.js:1339:25) 
    at Lazy (<anonymous>)
    at Suspense (<anonymous>)
    at RemoteBoundary (http://localhost:3000/src_bootstrap_tsx-webpack_sharing_consume_default_react-dom_react-dom.js:1356:9)
    at Remote (http://localhost:3000/src_bootstrap_tsx-webpack_sharing_consume_default_react-dom_react-dom.js:1309:22)
    at div (<anonymous>)
    at header (<anonymous>)
    at div (<anonymous>)
    at Layout (<anonymous>)
    at RenderedRoute (http://localhost:3000/vendors-node_modules_pnpm_react-router_8_4_0_react-do_8c7b91c66c8115d08033ff54fc817791_node_m-4a854a.js:7904:26)
    at Routes (http://localhost:3000/vendors-node_modules_pnpm_react-router_8_4_0_react-do_8c7b91c66c8115d08033ff54fc817791_node_m-4a854a.js:2724:19)
    at App (<anonymous>)
    at Router (http://localhost:3000/vendors-node_modules_pnpm_react-router_8_4_0_react-do_8c7b91c66c8115d08033ff54fc817791_node_m-4a854a.js:2654:29)
    at BrowserRouter (http://localhost:3000/vendors-node_modules_pnpm_react-router_8_4_0_react-do_8c7b91c66c8115d08033ff54fc817791_node_m-4a854a.js:3403:26) @ http://localhost:3000/src_bootstrap_tsx-webpack_sharing_consume_default_react-dom_react-dom.js:1366
[     542ms] [ERROR] %o

%s

%s
 Error: [ Federation Runtime ]: Failed to get manifest. #RUNTIME-003
args: {"manifestUrl":"http://localhost:3001/mf-manifest.json","moduleName":"auth","hostName":"shell"}
View the docs to see how to solve: https://module-federation.io/guide/troubleshooting/runtime#runtime-003
Original Error Message:
 TypeError: Failed to fetch
    at http://localhost:3000/main.js:3070:9
    at logAndReport (http://localhost:3000/main.js:26:9)
    at Object.error (http://localhost:3000/main.js:3069:89)
    at getManifest (http://localhost:3000/main.js:1294:21)
    at async asyncLoadProcess (http://localhost:3000/main.js:1339:25) The above error occurred in one of your React components. React will try to recreate this component tree from scratch using the error boundary you provided, RemoteBoundary. @ http://localhost:3000/vendors-node_modules_pnpm_react-dom_19_3_0_react_19_3_0_node_modules_react-dom_client_js-node-40c95e.js:9797
[     542ms] [ERROR] [shell] remote "auth" failed Error: [ Federation Runtime ]: Failed to get manifest. #RUNTIME-003
args: {"manifestUrl":"http://localhost:3001/mf-manifest.json","moduleName":"auth","hostName":"shell"}
View the docs to see how to solve: https://module-federation.io/guide/troubleshooting/runtime#runtime-003
Original Error Message:
 TypeError: Failed to fetch
    at http://localhost:3000/main.js:3070:9
    at logAndReport (http://localhost:3000/main.js:26:9)
    at Object.error (http://localhost:3000/main.js:3069:89)
    at getManifest (http://localhost:3000/main.js:1294:21)
    at async asyncLoadProcess (http://localhost:3000/main.js:1339:25) 
    at Lazy (<anonymous>)
    at Suspense (<anonymous>)
    at RemoteBoundary (http://localhost:3000/src_bootstrap_tsx-webpack_sharing_consume_default_react-dom_react-dom.js:1356:9)
    at Remote (http://localhost:3000/src_bootstrap_tsx-webpack_sharing_consume_default_react-dom_react-dom.js:1309:22)
    at div (<anonymous>)
    at header (<anonymous>)
    at div (<anonymous>)
    at Layout (<anonymous>)
    at RenderedRoute (http://localhost:3000/vendors-node_modules_pnpm_react-router_8_4_0_react-do_8c7b91c66c8115d08033ff54fc817791_node_m-4a854a.js:7904:26)
    at Routes (http://localhost:3000/vendors-node_modules_pnpm_react-router_8_4_0_react-do_8c7b91c66c8115d08033ff54fc817791_node_m-4a854a.js:2724:19)
    at App (<anonymous>)
    at Router (http://localhost:3000/vendors-node_modules_pnpm_react-router_8_4_0_react-do_8c7b91c66c8115d08033ff54fc817791_node_m-4a854a.js:2654:29)
    at BrowserRouter (http://localhost:3000/vendors-node_modules_pnpm_react-router_8_4_0_react-do_8c7b91c66c8115d08033ff54fc817791_node_m-4a854a.js:3403:26) @ http://localhost:3000/src_bootstrap_tsx-webpack_sharing_consume_default_react-dom_react-dom.js:1366
[   57045ms] [INFO] [rspack-dev-server] Disconnected! @ http://localhost:3000/main.js:7071
[   57045ms] [INFO] [rspack-dev-server] Trying to reconnect... @ http://localhost:3000/main.js:7071
[   58105ms] [ERROR] WebSocket connection to 'ws://localhost:3000/ws' failed: Error in connection establishment: net::ERR_CONNECTION_REFUSED @ http://localhost:3000/main.js:6492
[   58105ms] [ERROR] [rspack-dev-server] Event @ http://localhost:3000/main.js:7079
[   58105ms] [INFO] [rspack-dev-server] Trying to reconnect... @ http://localhost:3000/main.js:7071
[   60159ms] [ERROR] WebSocket connection to 'ws://localhost:3000/ws' failed: Error in connection establishment: net::ERR_CONNECTION_REFUSED @ http://localhost:3000/main.js:6492
[   60159ms] [ERROR] [rspack-dev-server] Event @ http://localhost:3000/main.js:7079
[   60160ms] [INFO] [rspack-dev-server] Trying to reconnect... @ http://localhost:3000/main.js:7071
[   64265ms] [ERROR] WebSocket connection to 'ws://localhost:3000/ws' failed: Error in connection establishment: net::ERR_CONNECTION_REFUSED @ http://localhost:3000/main.js:6492
[   64265ms] [ERROR] [rspack-dev-server] Event @ http://localhost:3000/main.js:7079
[   64266ms] [INFO] [rspack-dev-server] Trying to reconnect... @ http://localhost:3000/main.js:7071
[   72298ms] [ERROR] WebSocket connection to 'ws://localhost:3000/ws' failed: Error in connection establishment: net::ERR_CONNECTION_REFUSED @ http://localhost:3000/main.js:6492
[   72298ms] [ERROR] [rspack-dev-server] Event @ http://localhost:3000/main.js:7079
[   72298ms] [INFO] [rspack-dev-server] Trying to reconnect... @ http://localhost:3000/main.js:7071
[   88385ms] [ERROR] WebSocket connection to 'ws://localhost:3000/ws' failed: Error in connection establishment: net::ERR_CONNECTION_REFUSED @ http://localhost:3000/main.js:6492
[   88385ms] [ERROR] [rspack-dev-server] Event @ http://localhost:3000/main.js:7079
[   88386ms] [INFO] [rspack-dev-server] Trying to reconnect... @ http://localhost:3000/main.js:7071
[  120445ms] [ERROR] WebSocket connection to 'ws://localhost:3000/ws' failed: Error in connection establishment: net::ERR_CONNECTION_REFUSED @ http://localhost:3000/main.js:6492
[  120445ms] [ERROR] [rspack-dev-server] Event @ http://localhost:3000/main.js:7079
[  120446ms] [INFO] [rspack-dev-server] Trying to reconnect... @ http://localhost:3000/main.js:7071
[  184568ms] [ERROR] WebSocket connection to 'ws://localhost:3000/ws' failed: Error in connection establishment: net::ERR_CONNECTION_REFUSED @ http://localhost:3000/main.js:6492
[  184568ms] [ERROR] [rspack-dev-server] Event @ http://localhost:3000/main.js:7079
[  184569ms] [INFO] [rspack-dev-server] Trying to reconnect... @ http://localhost:3000/main.js:7071
[  312589ms] [ERROR] WebSocket connection to 'ws://localhost:3000/ws' failed: Error in connection establishment: net::ERR_CONNECTION_REFUSED @ http://localhost:3000/main.js:6492
[  312590ms] [ERROR] [rspack-dev-server] Event @ http://localhost:3000/main.js:7079
[  312590ms] [INFO] [rspack-dev-server] Trying to reconnect... @ http://localhost:3000/main.js:7071
[  568687ms] [ERROR] WebSocket connection to 'ws://localhost:3000/ws' failed: Error in connection establishment: net::ERR_CONNECTION_REFUSED @ http://localhost:3000/main.js:6492
[  568687ms] [ERROR] [rspack-dev-server] Event @ http://localhost:3000/main.js:7079
[  568688ms] [INFO] [rspack-dev-server] Trying to reconnect... @ http://localhost:3000/main.js:7071
