[      65ms] [INFO] [rspack-dev-server] Server started: Hot Module Replacement enabled, Live Reloading enabled, Progress disabled, Overlay enabled. @ http://localhost:3000/main.js:7071
[      65ms] [LOG] [HMR] Waiting for update signal from WDS... @ http://localhost:3000/main.js:6408
[     160ms] [INFO] %cDownload the React DevTools for a better development experience: https://react.dev/link/react-devtools font-weight:bold @ http://localhost:3000/vendors-node_modules_pnpm_react-dom_19_3_0_react_19_3_0_node_modules_react-dom_client_js-node-40c95e.js:31149
[     266ms] [INFO] [rspack-dev-server] Server started: Hot Module Replacement enabled, Live Reloading enabled, Progress disabled, Overlay enabled. @ http://localhost:3001/remoteEntry.js:7072
[     266ms] [LOG] [HMR] Waiting for update signal from WDS... @ http://localhost:3001/remoteEntry.js:6409
[     357ms] [INFO] [rspack-dev-server] Server started: Hot Module Replacement enabled, Live Reloading enabled, Progress disabled, Overlay enabled. @ http://localhost:3002/remoteEntry.js:7072
[     358ms] [LOG] [HMR] Waiting for update signal from WDS... @ http://localhost:3002/remoteEntry.js:6409
[     487ms] [ERROR] %o

%s

%s
 Error: [orders] intentional crash (?break=orders)
    at throwIfBroken (http://localhost:3002/__federation_expose_OrdersApp.js:657:15)
    at OrdersApp (http://localhost:3002/__federation_expose_OrdersApp.js:49:56)
    at Object.react_stack_bottom_frame (http://localhost:3000/vendors-node_modules_pnpm_react-dom_19_3_0_react_19_3_0_node_modules_react-dom_client_js-node-40c95e.js:28573:20)
    at renderWithHooks (http://localhost:3000/vendors-node_modules_pnpm_react-dom_19_3_0_react_19_3_0_node_modules_react-dom_client_js-node-40c95e.js:8032:22)
    at updateFunctionComponent (http://localhost:3000/vendors-node_modules_pnpm_react-dom_19_3_0_react_19_3_0_node_modules_react-dom_client_js-node-40c95e.js:10571:19)
    at beginWork (http://localhost:3000/vendors-node_modules_pnpm_react-dom_19_3_0_react_19_3_0_node_modules_react-dom_client_js-node-40c95e.js:12149:35)
    at runWithFiberInDEV (http://localhost:3000/vendors-node_modules_pnpm_react-dom_19_3_0_react_19_3_0_node_modules_react-dom_client_js-node-40c95e.js:1048:30)
    at performUnitOfWork (http://localhost:3000/vendors-node_modules_pnpm_react-dom_19_3_0_react_19_3_0_node_modules_react-dom_client_js-node-40c95e.js:19178:22)
    at workLoopSync (http://localhost:3000/vendors-node_modules_pnpm_react-dom_19_3_0_react_19_3_0_node_modules_react-dom_client_js-node-40c95e.js:19006:41)
    at renderRootSync (http://localhost:3000/vendors-node_modules_pnpm_react-dom_19_3_0_react_19_3_0_node_modules_react-dom_client_js-node-40c95e.js:18987:11) The above error occurred in the <OrdersApp> component. React will try to recreate this component tree from scratch using the error boundary you provided, RemoteBoundary. @ http://localhost:3000/vendors-node_modules_pnpm_react-dom_19_3_0_react_19_3_0_node_modules_react-dom_client_js-node-40c95e.js:9797
[     488ms] [ERROR] [shell] remote "orders" failed Error: [orders] intentional crash (?break=orders)
    at throwIfBroken (http://localhost:3002/__federation_expose_OrdersApp.js:657:15)
    at OrdersApp (http://localhost:3002/__federation_expose_OrdersApp.js:49:56)
    at Object.react_stack_bottom_frame (http://localhost:3000/vendors-node_modules_pnpm_react-dom_19_3_0_react_19_3_0_node_modules_react-dom_client_js-node-40c95e.js:28573:20)
    at renderWithHooks (http://localhost:3000/vendors-node_modules_pnpm_react-dom_19_3_0_react_19_3_0_node_modules_react-dom_client_js-node-40c95e.js:8032:22)
    at updateFunctionComponent (http://localhost:3000/vendors-node_modules_pnpm_react-dom_19_3_0_react_19_3_0_node_modules_react-dom_client_js-node-40c95e.js:10571:19)
    at beginWork (http://localhost:3000/vendors-node_modules_pnpm_react-dom_19_3_0_react_19_3_0_node_modules_react-dom_client_js-node-40c95e.js:12149:35)
    at runWithFiberInDEV (http://localhost:3000/vendors-node_modules_pnpm_react-dom_19_3_0_react_19_3_0_node_modules_react-dom_client_js-node-40c95e.js:1048:30)
    at performUnitOfWork (http://localhost:3000/vendors-node_modules_pnpm_react-dom_19_3_0_react_19_3_0_node_modules_react-dom_client_js-node-40c95e.js:19178:22)
    at workLoopSync (http://localhost:3000/vendors-node_modules_pnpm_react-dom_19_3_0_react_19_3_0_node_modules_react-dom_client_js-node-40c95e.js:19006:41)
    at renderRootSync (http://localhost:3000/vendors-node_modules_pnpm_react-dom_19_3_0_react_19_3_0_node_modules_react-dom_client_js-node-40c95e.js:18987:11) 
    at OrdersApp (http://localhost:3002/__federation_expose_OrdersApp.js:49:56)
    at Suspense (<anonymous>)
    at RemoteBoundary (http://localhost:3000/src_bootstrap_tsx-webpack_sharing_consume_default_react-dom_react-dom.js:1356:9)
    at Remote (http://localhost:3000/src_bootstrap_tsx-webpack_sharing_consume_default_react-dom_react-dom.js:1309:22)
    at SessionGate (http://localhost:3000/src_bootstrap_tsx-webpack_sharing_consume_default_react-dom_react-dom.js:368:26)
    at Suspense (<anonymous>)
    at RemoteBoundary (http://localhost:3000/src_bootstrap_tsx-webpack_sharing_consume_default_react-dom_react-dom.js:1356:9)
    at RequireSession (http://localhost:3000/src_bootstrap_tsx-webpack_sharing_consume_default_react-dom_react-dom.js:330:26)
    at RenderedRoute (http://localhost:3000/vendors-node_modules_pnpm_react-router_8_4_0_react-do_8c7b91c66c8115d08033ff54fc817791_node_m-4a854a.js:7904:26)
    at Outlet (http://localhost:3000/vendors-node_modules_pnpm_react-router_8_4_0_react-do_8c7b91c66c8115d08033ff54fc817791_node_m-4a854a.js:2572:56)
    at main (<anonymous>)
    at div (<anonymous>)
    at Layout (<anonymous>)
    at RenderedRoute (http://localhost:3000/vendors-node_modules_pnpm_react-router_8_4_0_react-do_8c7b91c66c8115d08033ff54fc817791_node_m-4a854a.js:7904:26)
    at Routes (http://localhost:3000/vendors-node_modules_pnpm_react-router_8_4_0_react-do_8c7b91c66c8115d08033ff54fc817791_node_m-4a854a.js:2724:19)
    at App (<anonymous>)
    at Router (http://localhost:3000/vendors-node_modules_pnpm_react-router_8_4_0_react-do_8c7b91c66c8115d08033ff54fc817791_node_m-4a854a.js:2654:29)
    at BrowserRouter (http://localhost:3000/vendors-node_modules_pnpm_react-router_8_4_0_react-do_8c7b91c66c8115d08033ff54fc817791_node_m-4a854a.js:3403:26) @ http://localhost:3000/src_bootstrap_tsx-webpack_sharing_consume_default_react-dom_react-dom.js:1366
