[      63ms] [INFO] [rspack-dev-server] Server started: Hot Module Replacement enabled, Live Reloading enabled, Progress disabled, Overlay enabled. @ http://localhost:3000/main.js:7131
[      63ms] [LOG] [HMR] Waiting for update signal from WDS... @ http://localhost:3000/main.js:6468
[     165ms] [INFO] %cDownload the React DevTools for a better development experience: https://react.dev/link/react-devtools font-weight:bold @ http://localhost:3000/vendors-node_modules_pnpm_react-dom_19_3_0_react_19_3_0_node_modules_react-dom_client_js-node-534a50.js:31149
[     246ms] [INFO] [rspack-dev-server] Server started: Hot Module Replacement enabled, Live Reloading enabled, Progress disabled, Overlay enabled. @ http://localhost:3001/remoteEntry.js:7072
[     247ms] [LOG] [HMR] Waiting for update signal from WDS... @ http://localhost:3001/remoteEntry.js:6409
[     250ms] [WARNING] [DEBUG] remote module shape auth 0 {"default":"function"} @ http://localhost:3000/src_bootstrap_tsx-webpack_sharing_consume_default_react-dom_react-dom.js:1139
[     258ms] [ERROR] Failed to load resource: net::ERR_CONNECTION_REFUSED @ http://localhost:3002/mf-manifest.json:0
[     259ms] [WARNING] [ Federation Runtime ] Error: [ Federation Runtime ]: Failed to get manifest. #RUNTIME-003
args: {"manifestUrl":"http://localhost:3002/mf-manifest.json","moduleName":"orders","hostName":"shell"}
View the docs to see how to solve: https://module-federation.io/guide/troubleshooting/runtime#runtime-003
Original Error Message:
 TypeError: Failed to fetch
    at http://localhost:3000/main.js:3130:9
    at logAndReport (http://localhost:3000/main.js:86:9)
    at Object.error (http://localhost:3000/main.js:3129:89)
    at getManifest (http://localhost:3000/main.js:1354:21)
    at async asyncLoadProcess (http://localhost:3000/main.js:1399:25)
    at async SnapshotHandler.loadRemoteSnapshotInfo (http://localhost:3000/main.js:1273:27)
    at async Array.afterResolve (http://localhost:3000/main.js:1465:48)
    at async RemoteHandler.getRemoteModuleAndOptions (http://localhost:3000/main.js:1872:21)
    at async RemoteHandler.loadRemote (http://localhost:3000/main.js:1639:55)
    at async Promise.all (index 0) @ http://localhost:3000/main.js:5020
[     266ms] [ERROR] Failed to load resource: net::ERR_CONNECTION_REFUSED @ http://localhost:3002/mf-manifest.json:0
[     266ms] [WARNING] [ Federation Runtime ] Error: [ Federation Runtime ]: Failed to get manifest. #RUNTIME-003
args: {"manifestUrl":"http://localhost:3002/mf-manifest.json","moduleName":"orders","hostName":"shell"}
View the docs to see how to solve: https://module-federation.io/guide/troubleshooting/runtime#runtime-003
Original Error Message:
 TypeError: Failed to fetch
    at http://localhost:3000/main.js:3130:9
    at logAndReport (http://localhost:3000/main.js:86:9)
    at Object.error (http://localhost:3000/main.js:3129:89)
    at getManifest (http://localhost:3000/main.js:1354:21)
    at async asyncLoadProcess (http://localhost:3000/main.js:1399:25)
    at async SnapshotHandler.loadRemoteSnapshotInfo (http://localhost:3000/main.js:1273:27)
    at async Array.afterResolve (http://localhost:3000/main.js:1465:48)
    at async RemoteHandler.getRemoteModuleAndOptions (http://localhost:3000/main.js:1872:21)
    at async RemoteHandler.loadRemote (http://localhost:3000/main.js:1639:55)
    at async Promise.all (index 0) @ http://localhost:3000/main.js:5020
[     267ms] [WARNING] [DEBUG] remote module shape orders 0 {"default":{}} @ http://localhost:3000/src_bootstrap_tsx-webpack_sharing_consume_default_react-dom_react-dom.js:1139
[     272ms] [ERROR] Failed to load resource: net::ERR_CONNECTION_REFUSED @ http://localhost:3002/mf-manifest.json:0
[     273ms] [WARNING] [ Federation Runtime ] Error: [ Federation Runtime ]: Failed to get manifest. #RUNTIME-003
args: {"manifestUrl":"http://localhost:3002/mf-manifest.json","moduleName":"orders","hostName":"shell"}
View the docs to see how to solve: https://module-federation.io/guide/troubleshooting/runtime#runtime-003
Original Error Message:
 TypeError: Failed to fetch
    at http://localhost:3000/main.js:3130:9
    at logAndReport (http://localhost:3000/main.js:86:9)
    at Object.error (http://localhost:3000/main.js:3129:89)
    at getManifest (http://localhost:3000/main.js:1354:21)
    at async asyncLoadProcess (http://localhost:3000/main.js:1399:25)
    at async SnapshotHandler.loadRemoteSnapshotInfo (http://localhost:3000/main.js:1273:27)
    at async Array.afterResolve (http://localhost:3000/main.js:1465:48)
    at async RemoteHandler.getRemoteModuleAndOptions (http://localhost:3000/main.js:1872:21)
    at async RemoteHandler.loadRemote (http://localhost:3000/main.js:1639:55)
    at async Promise.all (index 0) @ http://localhost:3000/main.js:5020
[     273ms] [WARNING] [DEBUG] remote module shape orders 0 {"default":{}} @ http://localhost:3000/src_bootstrap_tsx-webpack_sharing_consume_default_react-dom_react-dom.js:1139
[     280ms] [ERROR] Failed to load resource: net::ERR_CONNECTION_REFUSED @ http://localhost:3002/mf-manifest.json:0
[     280ms] [WARNING] [ Federation Runtime ] Error: [ Federation Runtime ]: Failed to get manifest. #RUNTIME-003
args: {"manifestUrl":"http://localhost:3002/mf-manifest.json","moduleName":"orders","hostName":"shell"}
View the docs to see how to solve: https://module-federation.io/guide/troubleshooting/runtime#runtime-003
Original Error Message:
 TypeError: Failed to fetch
    at http://localhost:3000/main.js:3130:9
    at logAndReport (http://localhost:3000/main.js:86:9)
    at Object.error (http://localhost:3000/main.js:3129:89)
    at getManifest (http://localhost:3000/main.js:1354:21)
    at async asyncLoadProcess (http://localhost:3000/main.js:1399:25)
    at async SnapshotHandler.loadRemoteSnapshotInfo (http://localhost:3000/main.js:1273:27)
    at async Array.afterResolve (http://localhost:3000/main.js:1465:48)
    at async RemoteHandler.getRemoteModuleAndOptions (http://localhost:3000/main.js:1872:21)
    at async RemoteHandler.loadRemote (http://localhost:3000/main.js:1639:55)
    at async Promise.all (index 0) @ http://localhost:3000/main.js:5020
[     281ms] [WARNING] [DEBUG] remote module shape orders 0 {"default":{}} @ http://localhost:3000/src_bootstrap_tsx-webpack_sharing_consume_default_react-dom_react-dom.js:1139
[     286ms] [ERROR] Failed to load resource: net::ERR_CONNECTION_REFUSED @ http://localhost:3002/mf-manifest.json:0
[     287ms] [WARNING] [ Federation Runtime ] Error: [ Federation Runtime ]: Failed to get manifest. #RUNTIME-003
args: {"manifestUrl":"http://localhost:3002/mf-manifest.json","moduleName":"orders","hostName":"shell"}
View the docs to see how to solve: https://module-federation.io/guide/troubleshooting/runtime#runtime-003
Original Error Message:
 TypeError: Failed to fetch
    at http://localhost:3000/main.js:3130:9
    at logAndReport (http://localhost:3000/main.js:86:9)
    at Object.error (http://localhost:3000/main.js:3129:89)
    at getManifest (http://localhost:3000/main.js:1354:21)
    at async asyncLoadProcess (http://localhost:3000/main.js:1399:25)
    at async SnapshotHandler.loadRemoteSnapshotInfo (http://localhost:3000/main.js:1273:27)
    at async Array.afterResolve (http://localhost:3000/main.js:1465:48)
    at async RemoteHandler.getRemoteModuleAndOptions (http://localhost:3000/main.js:1872:21)
    at async RemoteHandler.loadRemote (http://localhost:3000/main.js:1639:55)
    at async Promise.all (index 0) @ http://localhost:3000/main.js:5020
[     287ms] [WARNING] [DEBUG] remote module shape orders 0 {"default":{}} @ http://localhost:3000/src_bootstrap_tsx-webpack_sharing_consume_default_react-dom_react-dom.js:1139
[     293ms] [ERROR] Failed to load resource: net::ERR_CONNECTION_REFUSED @ http://localhost:3002/mf-manifest.json:0
[     294ms] [WARNING] [ Federation Runtime ] Error: [ Federation Runtime ]: Failed to get manifest. #RUNTIME-003
args: {"manifestUrl":"http://localhost:3002/mf-manifest.json","moduleName":"orders","hostName":"shell"}
View the docs to see how to solve: https://module-federation.io/guide/troubleshooting/runtime#runtime-003
Original Error Message:
 TypeError: Failed to fetch
    at http://localhost:3000/main.js:3130:9
    at logAndReport (http://localhost:3000/main.js:86:9)
    at Object.error (http://localhost:3000/main.js:3129:89)
    at getManifest (http://localhost:3000/main.js:1354:21)
    at async asyncLoadProcess (http://localhost:3000/main.js:1399:25)
    at async SnapshotHandler.loadRemoteSnapshotInfo (http://localhost:3000/main.js:1273:27)
    at async Array.afterResolve (http://localhost:3000/main.js:1465:48)
    at async RemoteHandler.getRemoteModuleAndOptions (http://localhost:3000/main.js:1872:21)
    at async RemoteHandler.loadRemote (http://localhost:3000/main.js:1639:55)
    at async Promise.all (index 0) @ http://localhost:3000/main.js:5020
[     294ms] [WARNING] [DEBUG] remote module shape orders 0 {"default":{}} @ http://localhost:3000/src_bootstrap_tsx-webpack_sharing_consume_default_react-dom_react-dom.js:1139
[     300ms] [ERROR] Failed to load resource: net::ERR_CONNECTION_REFUSED @ http://localhost:3002/mf-manifest.json:0
[     300ms] [WARNING] [ Federation Runtime ] Error: [ Federation Runtime ]: Failed to get manifest. #RUNTIME-003
args: {"manifestUrl":"http://localhost:3002/mf-manifest.json","moduleName":"orders","hostName":"shell"}
View the docs to see how to solve: https://module-federation.io/guide/troubleshooting/runtime#runtime-003
Original Error Message:
 TypeError: Failed to fetch
    at http://localhost:3000/main.js:3130:9
    at logAndReport (http://localhost:3000/main.js:86:9)
    at Object.error (http://localhost:3000/main.js:3129:89)
    at getManifest (http://localhost:3000/main.js:1354:21)
    at async asyncLoadProcess (http://localhost:3000/main.js:1399:25)
    at async SnapshotHandler.loadRemoteSnapshotInfo (http://localhost:3000/main.js:1273:27)
    at async Array.afterResolve (http://localhost:3000/main.js:1465:48)
    at async RemoteHandler.getRemoteModuleAndOptions (http://localhost:3000/main.js:1872:21)
    at async RemoteHandler.loadRemote (http://localhost:3000/main.js:1639:55)
    at async Promise.all (index 0) @ http://localhost:3000/main.js:5020
[     301ms] [WARNING] [DEBUG] remote module shape orders 0 {"default":{}} @ http://localhost:3000/src_bootstrap_tsx-webpack_sharing_consume_default_react-dom_react-dom.js:1139
[     306ms] [ERROR] Failed to load resource: net::ERR_CONNECTION_REFUSED @ http://localhost:3002/mf-manifest.json:0
[     307ms] [WARNING] [ Federation Runtime ] Error: [ Federation Runtime ]: Failed to get manifest. #RUNTIME-003
args: {"manifestUrl":"http://localhost:3002/mf-manifest.json","moduleName":"orders","hostName":"shell"}
View the docs to see how to solve: https://module-federation.io/guide/troubleshooting/runtime#runtime-003
Original Error Message:
 TypeError: Failed to fetch
    at http://localhost:3000/main.js:3130:9
    at logAndReport (http://localhost:3000/main.js:86:9)
    at Object.error (http://localhost:3000/main.js:3129:89)
    at getManifest (http://localhost:3000/main.js:1354:21)
    at async asyncLoadProcess (http://localhost:3000/main.js:1399:25)
    at async SnapshotHandler.loadRemoteSnapshotInfo (http://localhost:3000/main.js:1273:27)
    at async Array.afterResolve (http://localhost:3000/main.js:1465:48)
    at async RemoteHandler.getRemoteModuleAndOptions (http://localhost:3000/main.js:1872:21)
    at async RemoteHandler.loadRemote (http://localhost:3000/main.js:1639:55)
    at async Promise.all (index 0) @ http://localhost:3000/main.js:5020
[     307ms] [WARNING] [DEBUG] remote module shape orders 0 {"default":{}} @ http://localhost:3000/src_bootstrap_tsx-webpack_sharing_consume_default_react-dom_react-dom.js:1139
[     315ms] [ERROR] Failed to load resource: net::ERR_CONNECTION_REFUSED @ http://localhost:3002/mf-manifest.json:0
[     315ms] [WARNING] [ Federation Runtime ] Error: [ Federation Runtime ]: Failed to get manifest. #RUNTIME-003
args: {"manifestUrl":"http://localhost:3002/mf-manifest.json","moduleName":"orders","hostName":"shell"}
View the docs to see how to solve: https://module-federation.io/guide/troubleshooting/runtime#runtime-003
Original Error Message:
 TypeError: Failed to fetch
    at http://localhost:3000/main.js:3130:9
    at logAndReport (http://localhost:3000/main.js:86:9)
    at Object.error (http://localhost:3000/main.js:3129:89)
    at getManifest (http://localhost:3000/main.js:1354:21)
    at async asyncLoadProcess (http://localhost:3000/main.js:1399:25)
    at async SnapshotHandler.loadRemoteSnapshotInfo (http://localhost:3000/main.js:1273:27)
    at async Array.afterResolve (http://localhost:3000/main.js:1465:48)
    at async RemoteHandler.getRemoteModuleAndOptions (http://localhost:3000/main.js:1872:21)
    at async RemoteHandler.loadRemote (http://localhost:3000/main.js:1639:55)
    at async Promise.all (index 0) @ http://localhost:3000/main.js:5020
[     316ms] [WARNING] [DEBUG] remote module shape orders 0 {"default":{}} @ http://localhost:3000/src_bootstrap_tsx-webpack_sharing_consume_default_react-dom_react-dom.js:1139
[     321ms] [ERROR] Failed to load resource: net::ERR_CONNECTION_REFUSED @ http://localhost:3002/mf-manifest.json:0
[     322ms] [WARNING] [ Federation Runtime ] Error: [ Federation Runtime ]: Failed to get manifest. #RUNTIME-003
args: {"manifestUrl":"http://localhost:3002/mf-manifest.json","moduleName":"orders","hostName":"shell"}
View the docs to see how to solve: https://module-federation.io/guide/troubleshooting/runtime#runtime-003
Original Error Message:
 TypeError: Failed to fetch
    at http://localhost:3000/main.js:3130:9
    at logAndReport (http://localhost:3000/main.js:86:9)
    at Object.error (http://localhost:3000/main.js:3129:89)
    at getManifest (http://localhost:3000/main.js:1354:21)
    at async asyncLoadProcess (http://localhost:3000/main.js:1399:25)
    at async SnapshotHandler.loadRemoteSnapshotInfo (http://localhost:3000/main.js:1273:27)
    at async Array.afterResolve (http://localhost:3000/main.js:1465:48)
    at async RemoteHandler.getRemoteModuleAndOptions (http://localhost:3000/main.js:1872:21)
    at async RemoteHandler.loadRemote (http://localhost:3000/main.js:1639:55)
    at async Promise.all (index 0) @ http://localhost:3000/main.js:5020
[     322ms] [WARNING] [DEBUG] remote module shape orders 0 {"default":{}} @ http://localhost:3000/src_bootstrap_tsx-webpack_sharing_consume_default_react-dom_react-dom.js:1139
[     328ms] [ERROR] Failed to load resource: net::ERR_CONNECTION_REFUSED @ http://localhost:3002/mf-manifest.json:0
[     328ms] [WARNING] [ Federation Runtime ] Error: [ Federation Runtime ]: Failed to get manifest. #RUNTIME-003
args: {"manifestUrl":"http://localhost:3002/mf-manifest.json","moduleName":"orders","hostName":"shell"}
View the docs to see how to solve: https://module-federation.io/guide/troubleshooting/runtime#runtime-003
Original Error Message:
 TypeError: Failed to fetch
    at http://localhost:3000/main.js:3130:9
    at logAndReport (http://localhost:3000/main.js:86:9)
    at Object.error (http://localhost:3000/main.js:3129:89)
    at getManifest (http://localhost:3000/main.js:1354:21)
    at async asyncLoadProcess (http://localhost:3000/main.js:1399:25)
    at async SnapshotHandler.loadRemoteSnapshotInfo (http://localhost:3000/main.js:1273:27)
    at async Array.afterResolve (http://localhost:3000/main.js:1465:48)
    at async RemoteHandler.getRemoteModuleAndOptions (http://localhost:3000/main.js:1872:21)
    at async RemoteHandler.loadRemote (http://localhost:3000/main.js:1639:55)
    at async Promise.all (index 0) @ http://localhost:3000/main.js:5020
[     329ms] [WARNING] [DEBUG] remote module shape orders 0 {"default":{}} @ http://localhost:3000/src_bootstrap_tsx-webpack_sharing_consume_default_react-dom_react-dom.js:1139
[     334ms] [ERROR] Failed to load resource: net::ERR_CONNECTION_REFUSED @ http://localhost:3002/mf-manifest.json:0
[     335ms] [WARNING] [ Federation Runtime ] Error: [ Federation Runtime ]: Failed to get manifest. #RUNTIME-003
args: {"manifestUrl":"http://localhost:3002/mf-manifest.json","moduleName":"orders","hostName":"shell"}
View the docs to see how to solve: https://module-federation.io/guide/troubleshooting/runtime#runtime-003
Original Error Message:
 TypeError: Failed to fetch
    at http://localhost:3000/main.js:3130:9
    at logAndReport (http://localhost:3000/main.js:86:9)
    at Object.error (http://localhost:3000/main.js:3129:89)
    at getManifest (http://localhost:3000/main.js:1354:21)
    at async asyncLoadProcess (http://localhost:3000/main.js:1399:25)
    at async SnapshotHandler.loadRemoteSnapshotInfo (http://localhost:3000/main.js:1273:27)
    at async Array.afterResolve (http://localhost:3000/main.js:1465:48)
    at async RemoteHandler.getRemoteModuleAndOptions (http://localhost:3000/main.js:1872:21)
    at async RemoteHandler.loadRemote (http://localhost:3000/main.js:1639:55)
    at async Promise.all (index 0) @ http://localhost:3000/main.js:5020
[     335ms] [WARNING] [DEBUG] remote module shape orders 0 {"default":{}} @ http://localhost:3000/src_bootstrap_tsx-webpack_sharing_consume_default_react-dom_react-dom.js:1139
[     341ms] [ERROR] Failed to load resource: net::ERR_CONNECTION_REFUSED @ http://localhost:3002/mf-manifest.json:0
[     342ms] [WARNING] [ Federation Runtime ] Error: [ Federation Runtime ]: Failed to get manifest. #RUNTIME-003
args: {"manifestUrl":"http://localhost:3002/mf-manifest.json","moduleName":"orders","hostName":"shell"}
View the docs to see how to solve: https://module-federation.io/guide/troubleshooting/runtime#runtime-003
Original Error Message:
 TypeError: Failed to fetch
    at http://localhost:3000/main.js:3130:9
    at logAndReport (http://localhost:3000/main.js:86:9)
    at Object.error (http://localhost:3000/main.js:3129:89)
    at getManifest (http://localhost:3000/main.js:1354:21)
    at async asyncLoadProcess (http://localhost:3000/main.js:1399:25)
    at async SnapshotHandler.loadRemoteSnapshotInfo (http://localhost:3000/main.js:1273:27)
    at async Array.afterResolve (http://localhost:3000/main.js:1465:48)
    at async RemoteHandler.getRemoteModuleAndOptions (http://localhost:3000/main.js:1872:21)
    at async RemoteHandler.loadRemote (http://localhost:3000/main.js:1639:55)
    at async Promise.all (index 0) @ http://localhost:3000/main.js:5020
[     342ms] [WARNING] [DEBUG] remote module shape orders 0 {"default":{}} @ http://localhost:3000/src_bootstrap_tsx-webpack_sharing_consume_default_react-dom_react-dom.js:1139
[     348ms] [ERROR] Failed to load resource: net::ERR_CONNECTION_REFUSED @ http://localhost:3002/mf-manifest.json:0
[     348ms] [WARNING] [ Federation Runtime ] Error: [ Federation Runtime ]: Failed to get manifest. #RUNTIME-003
args: {"manifestUrl":"http://localhost:3002/mf-manifest.json","moduleName":"orders","hostName":"shell"}
View the docs to see how to solve: https://module-federation.io/guide/troubleshooting/runtime#runtime-003
Original Error Message:
 TypeError: Failed to fetch
    at http://localhost:3000/main.js:3130:9
    at logAndReport (http://localhost:3000/main.js:86:9)
    at Object.error (http://localhost:3000/main.js:3129:89)
    at getManifest (http://localhost:3000/main.js:1354:21)
    at async asyncLoadProcess (http://localhost:3000/main.js:1399:25)
    at async SnapshotHandler.loadRemoteSnapshotInfo (http://localhost:3000/main.js:1273:27)
    at async Array.afterResolve (http://localhost:3000/main.js:1465:48)
    at async RemoteHandler.getRemoteModuleAndOptions (http://localhost:3000/main.js:1872:21)
    at async RemoteHandler.loadRemote (http://localhost:3000/main.js:1639:55)
    at async Promise.all (index 0) @ http://localhost:3000/main.js:5020
[     349ms] [WARNING] [DEBUG] remote module shape orders 0 {"default":{}} @ http://localhost:3000/src_bootstrap_tsx-webpack_sharing_consume_default_react-dom_react-dom.js:1139
[     353ms] [ERROR] Failed to load resource: net::ERR_CONNECTION_REFUSED @ http://localhost:3002/mf-manifest.json:0
[     353ms] [WARNING] [ Federation Runtime ] Error: [ Federation Runtime ]: Failed to get manifest. #RUNTIME-003
args: {"manifestUrl":"http://localhost:3002/mf-manifest.json","moduleName":"orders","hostName":"shell"}
View the docs to see how to solve: https://module-federation.io/guide/troubleshooting/runtime#runtime-003
Original Error Message:
 TypeError: Failed to fetch
    at http://localhost:3000/main.js:3130:9
    at logAndReport (http://localhost:3000/main.js:86:9)
    at Object.error (http://localhost:3000/main.js:3129:89)
    at getManifest (http://localhost:3000/main.js:1354:21)
    at async asyncLoadProcess (http://localhost:3000/main.js:1399:25)
    at async SnapshotHandler.loadRemoteSnapshotInfo (http://localhost:3000/main.js:1273:27)
    at async Array.afterResolve (http://localhost:3000/main.js:1465:48)
    at async RemoteHandler.getRemoteModuleAndOptions (http://localhost:3000/main.js:1872:21)
    at async RemoteHandler.loadRemote (http://localhost:3000/main.js:1639:55)
    at async Promise.all (index 0) @ http://localhost:3000/main.js:5020
[     353ms] [WARNING] [DEBUG] remote module shape orders 0 {"default":{}} @ http://localhost:3000/src_bootstrap_tsx-webpack_sharing_consume_default_react-dom_react-dom.js:1139
[     358ms] [ERROR] Failed to load resource: net::ERR_CONNECTION_REFUSED @ http://localhost:3002/mf-manifest.json:0
[     359ms] [WARNING] [ Federation Runtime ] Error: [ Federation Runtime ]: Failed to get manifest. #RUNTIME-003
args: {"manifestUrl":"http://localhost:3002/mf-manifest.json","moduleName":"orders","hostName":"shell"}
View the docs to see how to solve: https://module-federation.io/guide/troubleshooting/runtime#runtime-003
Original Error Message:
 TypeError: Failed to fetch
    at http://localhost:3000/main.js:3130:9
    at logAndReport (http://localhost:3000/main.js:86:9)
    at Object.error (http://localhost:3000/main.js:3129:89)
    at getManifest (http://localhost:3000/main.js:1354:21)
    at async asyncLoadProcess (http://localhost:3000/main.js:1399:25)
    at async SnapshotHandler.loadRemoteSnapshotInfo (http://localhost:3000/main.js:1273:27)
    at async Array.afterResolve (http://localhost:3000/main.js:1465:48)
    at async RemoteHandler.getRemoteModuleAndOptions (http://localhost:3000/main.js:1872:21)
    at async RemoteHandler.loadRemote (http://localhost:3000/main.js:1639:55)
    at async Promise.all (index 0) @ http://localhost:3000/main.js:5020
[     359ms] [WARNING] [DEBUG] remote module shape orders 0 {"default":{}} @ http://localhost:3000/src_bootstrap_tsx-webpack_sharing_consume_default_react-dom_react-dom.js:1139
[     364ms] [ERROR] Failed to load resource: net::ERR_CONNECTION_REFUSED @ http://localhost:3002/mf-manifest.json:0
[     365ms] [WARNING] [ Federation Runtime ] Error: [ Federation Runtime ]: Failed to get manifest. #RUNTIME-003
args: {"manifestUrl":"http://localhost:3002/mf-manifest.json","moduleName":"orders","hostName":"shell"}
View the docs to see how to solve: https://module-federation.io/guide/troubleshooting/runtime#runtime-003
Original Error Message:
 TypeError: Failed to fetch
    at http://localhost:3000/main.js:3130:9
    at logAndReport (http://localhost:3000/main.js:86:9)
    at Object.error (http://localhost:3000/main.js:3129:89)
    at getManifest (http://localhost:3000/main.js:1354:21)
    at async asyncLoadProcess (http://localhost:3000/main.js:1399:25)
    at async SnapshotHandler.loadRemoteSnapshotInfo (http://localhost:3000/main.js:1273:27)
    at async Array.afterResolve (http://localhost:3000/main.js:1465:48)
    at async RemoteHandler.getRemoteModuleAndOptions (http://localhost:3000/main.js:1872:21)
    at async RemoteHandler.loadRemote (http://localhost:3000/main.js:1639:55)
    at async Promise.all (index 0) @ http://localhost:3000/main.js:5020
[     365ms] [WARNING] [DEBUG] remote module shape orders 0 {"default":{}} @ http://localhost:3000/src_bootstrap_tsx-webpack_sharing_consume_default_react-dom_react-dom.js:1139
[     369ms] [ERROR] Failed to load resource: net::ERR_CONNECTION_REFUSED @ http://localhost:3002/mf-manifest.json:0
[     370ms] [WARNING] [ Federation Runtime ] Error: [ Federation Runtime ]: Failed to get manifest. #RUNTIME-003
args: {"manifestUrl":"http://localhost:3002/mf-manifest.json","moduleName":"orders","hostName":"shell"}
View the docs to see how to solve: https://module-federation.io/guide/troubleshooting/runtime#runtime-003
Original Error Message:
 TypeError: Failed to fetch
    at http://localhost:3000/main.js:3130:9
    at logAndReport (http://localhost:3000/main.js:86:9)
    at Object.error (http://localhost:3000/main.js:3129:89)
    at getManifest (http://localhost:3000/main.js:1354:21)
    at async asyncLoadProcess (http://localhost:3000/main.js:1399:25)
    at async SnapshotHandler.loadRemoteSnapshotInfo (http://localhost:3000/main.js:1273:27)
    at async Array.afterResolve (http://localhost:3000/main.js:1465:48)
    at async RemoteHandler.getRemoteModuleAndOptions (http://localhost:3000/main.js:1872:21)
    at async RemoteHandler.loadRemote (http://localhost:3000/main.js:1639:55)
    at async Promise.all (index 0) @ http://localhost:3000/main.js:5020
[     370ms] [WARNING] [DEBUG] remote module shape orders 0 {"default":{}} @ http://localhost:3000/src_bootstrap_tsx-webpack_sharing_consume_default_react-dom_react-dom.js:1139
[     374ms] [ERROR] Failed to load resource: net::ERR_CONNECTION_REFUSED @ http://localhost:3002/mf-manifest.json:0
[     374ms] [WARNING] [ Federation Runtime ] Error: [ Federation Runtime ]: Failed to get manifest. #RUNTIME-003
args: {"manifestUrl":"http://localhost:3002/mf-manifest.json","moduleName":"orders","hostName":"shell"}
View the docs to see how to solve: https://module-federation.io/guide/troubleshooting/runtime#runtime-003
Original Error Message:
 TypeError: Failed to fetch
    at http://localhost:3000/main.js:3130:9
    at logAndReport (http://localhost:3000/main.js:86:9)
    at Object.error (http://localhost:3000/main.js:3129:89)
    at getManifest (http://localhost:3000/main.js:1354:21)
    at async asyncLoadProcess (http://localhost:3000/main.js:1399:25)
    at async SnapshotHandler.loadRemoteSnapshotInfo (http://localhost:3000/main.js:1273:27)
    at async Array.afterResolve (http://localhost:3000/main.js:1465:48)
    at async RemoteHandler.getRemoteModuleAndOptions (http://localhost:3000/main.js:1872:21)
    at async RemoteHandler.loadRemote (http://localhost:3000/main.js:1639:55)
    at async Promise.all (index 0) @ http://localhost:3000/main.js:5020
[     375ms] [WARNING] [DEBUG] remote module shape orders 0 {"default":{}} @ http://localhost:3000/src_bootstrap_tsx-webpack_sharing_consume_default_react-dom_react-dom.js:1139
[     382ms] [ERROR] Failed to load resource: net::ERR_CONNECTION_REFUSED @ http://localhost:3002/mf-manifest.json:0
[     383ms] [WARNING] [ Federation Runtime ] Error: [ Federation Runtime ]: Failed to get manifest. #RUNTIME-003
args: {"manifestUrl":"http://localhost:3002/mf-manifest.json","moduleName":"orders","hostName":"shell"}
View the docs to see how to solve: https://module-federation.io/guide/troubleshooting/runtime#runtime-003
Original Error Message:
 TypeError: Failed to fetch
    at http://localhost:3000/main.js:3130:9
    at logAndReport (http://localhost:3000/main.js:86:9)
    at Object.error (http://localhost:3000/main.js:3129:89)
    at getManifest (http://localhost:3000/main.js:1354:21)
    at async asyncLoadProcess (http://localhost:3000/main.js:1399:25)
    at async SnapshotHandler.loadRemoteSnapshotInfo (http://localhost:3000/main.js:1273:27)
    at async Array.afterResolve (http://localhost:3000/main.js:1465:48)
    at async RemoteHandler.getRemoteModuleAndOptions (http://localhost:3000/main.js:1872:21)
    at async RemoteHandler.loadRemote (http://localhost:3000/main.js:1639:55)
    at async Promise.all (index 0) @ http://localhost:3000/main.js:5020
[     383ms] [WARNING] [DEBUG] remote module shape orders 0 {"default":{}} @ http://localhost:3000/src_bootstrap_tsx-webpack_sharing_consume_default_react-dom_react-dom.js:1139
[     389ms] [ERROR] Failed to load resource: net::ERR_CONNECTION_REFUSED @ http://localhost:3002/mf-manifest.json:0
[     389ms] [WARNING] [ Federation Runtime ] Error: [ Federation Runtime ]: Failed to get manifest. #RUNTIME-003
args: {"manifestUrl":"http://localhost:3002/mf-manifest.json","moduleName":"orders","hostName":"shell"}
View the docs to see how to solve: https://module-federation.io/guide/troubleshooting/runtime#runtime-003
Original Error Message:
 TypeError: Failed to fetch
    at http://localhost:3000/main.js:3130:9
    at logAndReport (http://localhost:3000/main.js:86:9)
    at Object.error (http://localhost:3000/main.js:3129:89)
    at getManifest (http://localhost:3000/main.js:1354:21)
    at async asyncLoadProcess (http://localhost:3000/main.js:1399:25)
    at async SnapshotHandler.loadRemoteSnapshotInfo (http://localhost:3000/main.js:1273:27)
    at async Array.afterResolve (http://localhost:3000/main.js:1465:48)
    at async RemoteHandler.getRemoteModuleAndOptions (http://localhost:3000/main.js:1872:21)
    at async RemoteHandler.loadRemote (http://localhost:3000/main.js:1639:55)
    at async Promise.all (index 0) @ http://localhost:3000/main.js:5020
[     390ms] [WARNING] [DEBUG] remote module shape orders 0 {"default":{}} @ http://localhost:3000/src_bootstrap_tsx-webpack_sharing_consume_default_react-dom_react-dom.js:1139
[     395ms] [ERROR] Failed to load resource: net::ERR_CONNECTION_REFUSED @ http://localhost:3002/mf-manifest.json:0
[     395ms] [WARNING] [ Federation Runtime ] Error: [ Federation Runtime ]: Failed to get manifest. #RUNTIME-003
args: {"manifestUrl":"http://localhost:3002/mf-manifest.json","moduleName":"orders","hostName":"shell"}
View the docs to see how to solve: https://module-federation.io/guide/troubleshooting/runtime#runtime-003
Original Error Message:
 TypeError: Failed to fetch
    at http://localhost:3000/main.js:3130:9
    at logAndReport (http://localhost:3000/main.js:86:9)
    at Object.error (http://localhost:3000/main.js:3129:89)
    at getManifest (http://localhost:3000/main.js:1354:21)
    at async asyncLoadProcess (http://localhost:3000/main.js:1399:25)
    at async SnapshotHandler.loadRemoteSnapshotInfo (http://localhost:3000/main.js:1273:27)
    at async Array.afterResolve (http://localhost:3000/main.js:1465:48)
    at async RemoteHandler.getRemoteModuleAndOptions (http://localhost:3000/main.js:1872:21)
    at async RemoteHandler.loadRemote (http://localhost:3000/main.js:1639:55)
    at async Promise.all (index 0) @ http://localhost:3000/main.js:5020
[     396ms] [WARNING] [DEBUG] remote module shape orders 0 {"default":{}} @ http://localhost:3000/src_bootstrap_tsx-webpack_sharing_consume_default_react-dom_react-dom.js:1139
[     401ms] [ERROR] Failed to load resource: net::ERR_CONNECTION_REFUSED @ http://localhost:3002/mf-manifest.json:0
[     401ms] [WARNING] [ Federation Runtime ] Error: [ Federation Runtime ]: Failed to get manifest. #RUNTIME-003
args: {"manifestUrl":"http://localhost:3002/mf-manifest.json","moduleName":"orders","hostName":"shell"}
View the docs to see how to solve: https://module-federation.io/guide/troubleshooting/runtime#runtime-003
Original Error Message:
 TypeError: Failed to fetch
    at http://localhost:3000/main.js:3130:9
    at logAndReport (http://localhost:3000/main.js:86:9)
    at Object.error (http://localhost:3000/main.js:3129:89)
    at getManifest (http://localhost:3000/main.js:1354:21)
    at async asyncLoadProcess (http://localhost:3000/main.js:1399:25)
    at async SnapshotHandler.loadRemoteSnapshotInfo (http://localhost:3000/main.js:1273:27)
    at async Array.afterResolve (http://localhost:3000/main.js:1465:48)
    at async RemoteHandler.getRemoteModuleAndOptions (http://localhost:3000/main.js:1872:21)
    at async RemoteHandler.loadRemote (http://localhost:3000/main.js:1639:55)
    at async Promise.all (index 0) @ http://localhost:3000/main.js:5020
[     401ms] [WARNING] [DEBUG] remote module shape orders 0 {"default":{}} @ http://localhost:3000/src_bootstrap_tsx-webpack_sharing_consume_default_react-dom_react-dom.js:1139
[     407ms] [ERROR] Failed to load resource: net::ERR_CONNECTION_REFUSED @ http://localhost:3002/mf-manifest.json:0
[     407ms] [WARNING] [ Federation Runtime ] Error: [ Federation Runtime ]: Failed to get manifest. #RUNTIME-003
args: {"manifestUrl":"http://localhost:3002/mf-manifest.json","moduleName":"orders","hostName":"shell"}
View the docs to see how to solve: https://module-federation.io/guide/troubleshooting/runtime#runtime-003
Original Error Message:
 TypeError: Failed to fetch
    at http://localhost:3000/main.js:3130:9
    at logAndReport (http://localhost:3000/main.js:86:9)
    at Object.error (http://localhost:3000/main.js:3129:89)
    at getManifest (http://localhost:3000/main.js:1354:21)
    at async asyncLoadProcess (http://localhost:3000/main.js:1399:25)
    at async SnapshotHandler.loadRemoteSnapshotInfo (http://localhost:3000/main.js:1273:27)
    at async Array.afterResolve (http://localhost:3000/main.js:1465:48)
    at async RemoteHandler.getRemoteModuleAndOptions (http://localhost:3000/main.js:1872:21)
    at async RemoteHandler.loadRemote (http://localhost:3000/main.js:1639:55)
    at async Promise.all (index 0) @ http://localhost:3000/main.js:5020
[     408ms] [WARNING] [DEBUG] remote module shape orders 0 {"default":{}} @ http://localhost:3000/src_bootstrap_tsx-webpack_sharing_consume_default_react-dom_react-dom.js:1139
[     414ms] [ERROR] Failed to load resource: net::ERR_CONNECTION_REFUSED @ http://localhost:3002/mf-manifest.json:0
[     415ms] [WARNING] [ Federation Runtime ] Error: [ Federation Runtime ]: Failed to get manifest. #RUNTIME-003
args: {"manifestUrl":"http://localhost:3002/mf-manifest.json","moduleName":"orders","hostName":"shell"}
View the docs to see how to solve: https://module-federation.io/guide/troubleshooting/runtime#runtime-003
Original Error Message:
 TypeError: Failed to fetch
    at http://localhost:3000/main.js:3130:9
    at logAndReport (http://localhost:3000/main.js:86:9)
    at Object.error (http://localhost:3000/main.js:3129:89)
    at getManifest (http://localhost:3000/main.js:1354:21)
    at async asyncLoadProcess (http://localhost:3000/main.js:1399:25)
    at async SnapshotHandler.loadRemoteSnapshotInfo (http://localhost:3000/main.js:1273:27)
    at async Array.afterResolve (http://localhost:3000/main.js:1465:48)
    at async RemoteHandler.getRemoteModuleAndOptions (http://localhost:3000/main.js:1872:21)
    at async RemoteHandler.loadRemote (http://localhost:3000/main.js:1639:55)
    at async Promise.all (index 0) @ http://localhost:3000/main.js:5020
[     415ms] [WARNING] [DEBUG] remote module shape orders 0 {"default":{}} @ http://localhost:3000/src_bootstrap_tsx-webpack_sharing_consume_default_react-dom_react-dom.js:1139
[     419ms] [ERROR] Failed to load resource: net::ERR_CONNECTION_REFUSED @ http://localhost:3002/mf-manifest.json:0
[     420ms] [WARNING] [ Federation Runtime ] Error: [ Federation Runtime ]: Failed to get manifest. #RUNTIME-003
args: {"manifestUrl":"http://localhost:3002/mf-manifest.json","moduleName":"orders","hostName":"shell"}
View the docs to see how to solve: https://module-federation.io/guide/troubleshooting/runtime#runtime-003
Original Error Message:
 TypeError: Failed to fetch
    at http://localhost:3000/main.js:3130:9
    at logAndReport (http://localhost:3000/main.js:86:9)
    at Object.error (http://localhost:3000/main.js:3129:89)
    at getManifest (http://localhost:3000/main.js:1354:21)
    at async asyncLoadProcess (http://localhost:3000/main.js:1399:25)
    at async SnapshotHandler.loadRemoteSnapshotInfo (http://localhost:3000/main.js:1273:27)
    at async Array.afterResolve (http://localhost:3000/main.js:1465:48)
    at async RemoteHandler.getRemoteModuleAndOptions (http://localhost:3000/main.js:1872:21)
    at async RemoteHandler.loadRemote (http://localhost:3000/main.js:1639:55)
    at async Promise.all (index 0) @ http://localhost:3000/main.js:5020
[     420ms] [WARNING] [DEBUG] remote module shape orders 0 {"default":{}} @ http://localhost:3000/src_bootstrap_tsx-webpack_sharing_consume_default_react-dom_react-dom.js:1139
[     423ms] [ERROR] Failed to load resource: net::ERR_CONNECTION_REFUSED @ http://localhost:3002/mf-manifest.json:0
[     424ms] [WARNING] [ Federation Runtime ] Error: [ Federation Runtime ]: Failed to get manifest. #RUNTIME-003
args: {"manifestUrl":"http://localhost:3002/mf-manifest.json","moduleName":"orders","hostName":"shell"}
View the docs to see how to solve: https://module-federation.io/guide/troubleshooting/runtime#runtime-003
Original Error Message:
 TypeError: Failed to fetch
    at http://localhost:3000/main.js:3130:9
    at logAndReport (http://localhost:3000/main.js:86:9)
    at Object.error (http://localhost:3000/main.js:3129:89)
    at getManifest (http://localhost:3000/main.js:1354:21)
    at async asyncLoadProcess (http://localhost:3000/main.js:1399:25)
    at async SnapshotHandler.loadRemoteSnapshotInfo (http://localhost:3000/main.js:1273:27)
    at async Array.afterResolve (http://localhost:3000/main.js:1465:48)
    at async RemoteHandler.getRemoteModuleAndOptions (http://localhost:3000/main.js:1872:21)
    at async RemoteHandler.loadRemote (http://localhost:3000/main.js:1639:55)
    at async Promise.all (index 0) @ http://localhost:3000/main.js:5020
[     424ms] [WARNING] [DEBUG] remote module shape orders 0 {"default":{}} @ http://localhost:3000/src_bootstrap_tsx-webpack_sharing_consume_default_react-dom_react-dom.js:1139
[     428ms] [ERROR] Failed to load resource: net::ERR_CONNECTION_REFUSED @ http://localhost:3002/mf-manifest.json:0
[     428ms] [WARNING] [ Federation Runtime ] Error: [ Federation Runtime ]: Failed to get manifest. #RUNTIME-003
args: {"manifestUrl":"http://localhost:3002/mf-manifest.json","moduleName":"orders","hostName":"shell"}
View the docs to see how to solve: https://module-federation.io/guide/troubleshooting/runtime#runtime-003
Original Error Message:
 TypeError: Failed to fetch
    at http://localhost:3000/main.js:3130:9
    at logAndReport (http://localhost:3000/main.js:86:9)
    at Object.error (http://localhost:3000/main.js:3129:89)
    at getManifest (http://localhost:3000/main.js:1354:21)
    at async asyncLoadProcess (http://localhost:3000/main.js:1399:25)
    at async SnapshotHandler.loadRemoteSnapshotInfo (http://localhost:3000/main.js:1273:27)
    at async Array.afterResolve (http://localhost:3000/main.js:1465:48)
    at async RemoteHandler.getRemoteModuleAndOptions (http://localhost:3000/main.js:1872:21)
    at async RemoteHandler.loadRemote (http://localhost:3000/main.js:1639:55)
    at async Promise.all (index 0) @ http://localhost:3000/main.js:5020
[     429ms] [WARNING] [DEBUG] remote module shape orders 0 {"default":{}} @ http://localhost:3000/src_bootstrap_tsx-webpack_sharing_consume_default_react-dom_react-dom.js:1139
[     433ms] [ERROR] Failed to load resource: net::ERR_CONNECTION_REFUSED @ http://localhost:3002/mf-manifest.json:0
[     433ms] [WARNING] [ Federation Runtime ] Error: [ Federation Runtime ]: Failed to get manifest. #RUNTIME-003
args: {"manifestUrl":"http://localhost:3002/mf-manifest.json","moduleName":"orders","hostName":"shell"}
View the docs to see how to solve: https://module-federation.io/guide/troubleshooting/runtime#runtime-003
Original Error Message:
 TypeError: Failed to fetch
    at http://localhost:3000/main.js:3130:9
    at logAndReport (http://localhost:3000/main.js:86:9)
    at Object.error (http://localhost:3000/main.js:3129:89)
    at getManifest (http://localhost:3000/main.js:1354:21)
    at async asyncLoadProcess (http://localhost:3000/main.js:1399:25)
    at async SnapshotHandler.loadRemoteSnapshotInfo (http://localhost:3000/main.js:1273:27)
    at async Array.afterResolve (http://localhost:3000/main.js:1465:48)
    at async RemoteHandler.getRemoteModuleAndOptions (http://localhost:3000/main.js:1872:21)
    at async RemoteHandler.loadRemote (http://localhost:3000/main.js:1639:55)
    at async Promise.all (index 0) @ http://localhost:3000/main.js:5020
[     434ms] [WARNING] [DEBUG] remote module shape orders 0 {"default":{}} @ http://localhost:3000/src_bootstrap_tsx-webpack_sharing_consume_default_react-dom_react-dom.js:1139
[     438ms] [ERROR] Failed to load resource: net::ERR_CONNECTION_REFUSED @ http://localhost:3002/mf-manifest.json:0
[     438ms] [WARNING] [ Federation Runtime ] Error: [ Federation Runtime ]: Failed to get manifest. #RUNTIME-003
args: {"manifestUrl":"http://localhost:3002/mf-manifest.json","moduleName":"orders","hostName":"shell"}
View the docs to see how to solve: https://module-federation.io/guide/troubleshooting/runtime#runtime-003
Original Error Message:
 TypeError: Failed to fetch
    at http://localhost:3000/main.js:3130:9
    at logAndReport (http://localhost:3000/main.js:86:9)
    at Object.error (http://localhost:3000/main.js:3129:89)
    at getManifest (http://localhost:3000/main.js:1354:21)
    at async asyncLoadProcess (http://localhost:3000/main.js:1399:25)
    at async SnapshotHandler.loadRemoteSnapshotInfo (http://localhost:3000/main.js:1273:27)
    at async Array.afterResolve (http://localhost:3000/main.js:1465:48)
    at async RemoteHandler.getRemoteModuleAndOptions (http://localhost:3000/main.js:1872:21)
    at async RemoteHandler.loadRemote (http://localhost:3000/main.js:1639:55)
    at async Promise.all (index 0) @ http://localhost:3000/main.js:5020
[     438ms] [WARNING] [DEBUG] remote module shape orders 0 {"default":{}} @ http://localhost:3000/src_bootstrap_tsx-webpack_sharing_consume_default_react-dom_react-dom.js:1139
[     444ms] [ERROR] Failed to load resource: net::ERR_CONNECTION_REFUSED @ http://localhost:3002/mf-manifest.json:0
[     444ms] [WARNING] [ Federation Runtime ] Error: [ Federation Runtime ]: Failed to get manifest. #RUNTIME-003
args: {"manifestUrl":"http://localhost:3002/mf-manifest.json","moduleName":"orders","hostName":"shell"}
View the docs to see how to solve: https://module-federation.io/guide/troubleshooting/runtime#runtime-003
Original Error Message:
 TypeError: Failed to fetch
    at http://localhost:3000/main.js:3130:9
    at logAndReport (http://localhost:3000/main.js:86:9)
    at Object.error (http://localhost:3000/main.js:3129:89)
    at getManifest (http://localhost:3000/main.js:1354:21)
    at async asyncLoadProcess (http://localhost:3000/main.js:1399:25)
    at async SnapshotHandler.loadRemoteSnapshotInfo (http://localhost:3000/main.js:1273:27)
    at async Array.afterResolve (http://localhost:3000/main.js:1465:48)
    at async RemoteHandler.getRemoteModuleAndOptions (http://localhost:3000/main.js:1872:21)
    at async RemoteHandler.loadRemote (http://localhost:3000/main.js:1639:55)
    at async Promise.all (index 0) @ http://localhost:3000/main.js:5020
[     444ms] [WARNING] [DEBUG] remote module shape orders 0 {"default":{}} @ http://localhost:3000/src_bootstrap_tsx-webpack_sharing_consume_default_react-dom_react-dom.js:1139
[     450ms] [ERROR] Failed to load resource: net::ERR_CONNECTION_REFUSED @ http://localhost:3002/mf-manifest.json:0
[     450ms] [WARNING] [ Federation Runtime ] Error: [ Federation Runtime ]: Failed to get manifest. #RUNTIME-003
args: {"manifestUrl":"http://localhost:3002/mf-manifest.json","moduleName":"orders","hostName":"shell"}
View the docs to see how to solve: https://module-federation.io/guide/troubleshooting/runtime#runtime-003
Original Error Message:
 TypeError: Failed to fetch
    at http://localhost:3000/main.js:3130:9
    at logAndReport (http://localhost:3000/main.js:86:9)
    at Object.error (http://localhost:3000/main.js:3129:89)
    at getManifest (http://localhost:3000/main.js:1354:21)
    at async asyncLoadProcess (http://localhost:3000/main.js:1399:25)
    at async SnapshotHandler.loadRemoteSnapshotInfo (http://localhost:3000/main.js:1273:27)
    at async Array.afterResolve (http://localhost:3000/main.js:1465:48)
    at async RemoteHandler.getRemoteModuleAndOptions (http://localhost:3000/main.js:1872:21)
    at async RemoteHandler.loadRemote (http://localhost:3000/main.js:1639:55)
    at async Promise.all (index 0) @ http://localhost:3000/main.js:5020
[     451ms] [WARNING] [DEBUG] remote module shape orders 0 {"default":{}} @ http://localhost:3000/src_bootstrap_tsx-webpack_sharing_consume_default_react-dom_react-dom.js:1139
[     455ms] [ERROR] Failed to load resource: net::ERR_CONNECTION_REFUSED @ http://localhost:3002/mf-manifest.json:0
[     455ms] [WARNING] [ Federation Runtime ] Error: [ Federation Runtime ]: Failed to get manifest. #RUNTIME-003
args: {"manifestUrl":"http://localhost:3002/mf-manifest.json","moduleName":"orders","hostName":"shell"}
View the docs to see how to solve: https://module-federation.io/guide/troubleshooting/runtime#runtime-003
Original Error Message:
 TypeError: Failed to fetch
    at http://localhost:3000/main.js:3130:9
    at logAndReport (http://localhost:3000/main.js:86:9)
    at Object.error (http://localhost:3000/main.js:3129:89)
    at getManifest (http://localhost:3000/main.js:1354:21)
    at async asyncLoadProcess (http://localhost:3000/main.js:1399:25)
    at async SnapshotHandler.loadRemoteSnapshotInfo (http://localhost:3000/main.js:1273:27)
    at async Array.afterResolve (http://localhost:3000/main.js:1465:48)
    at async RemoteHandler.getRemoteModuleAndOptions (http://localhost:3000/main.js:1872:21)
    at async RemoteHandler.loadRemote (http://localhost:3000/main.js:1639:55)
    at async Promise.all (index 0) @ http://localhost:3000/main.js:5020
[     455ms] [WARNING] [DEBUG] remote module shape orders 0 {"default":{}} @ http://localhost:3000/src_bootstrap_tsx-webpack_sharing_consume_default_react-dom_react-dom.js:1139
[     459ms] [ERROR] Failed to load resource: net::ERR_CONNECTION_REFUSED @ http://localhost:3002/mf-manifest.json:0
[     459ms] [WARNING] [ Federation Runtime ] Error: [ Federation Runtime ]: Failed to get manifest. #RUNTIME-003
args: {"manifestUrl":"http://localhost:3002/mf-manifest.json","moduleName":"orders","hostName":"shell"}
View the docs to see how to solve: https://module-federation.io/guide/troubleshooting/runtime#runtime-003
Original Error Message:
 TypeError: Failed to fetch
    at http://localhost:3000/main.js:3130:9
    at logAndReport (http://localhost:3000/main.js:86:9)
    at Object.error (http://localhost:3000/main.js:3129:89)
    at getManifest (http://localhost:3000/main.js:1354:21)
    at async asyncLoadProcess (http://localhost:3000/main.js:1399:25)
    at async SnapshotHandler.loadRemoteSnapshotInfo (http://localhost:3000/main.js:1273:27)
    at async Array.afterResolve (http://localhost:3000/main.js:1465:48)
    at async RemoteHandler.getRemoteModuleAndOptions (http://localhost:3000/main.js:1872:21)
    at async RemoteHandler.loadRemote (http://localhost:3000/main.js:1639:55)
    at async Promise.all (index 0) @ http://localhost:3000/main.js:5020
[     459ms] [WARNING] [DEBUG] remote module shape orders 0 {"default":{}} @ http://localhost:3000/src_bootstrap_tsx-webpack_sharing_consume_default_react-dom_react-dom.js:1139
[     463ms] [ERROR] Failed to load resource: net::ERR_CONNECTION_REFUSED @ http://localhost:3002/mf-manifest.json:0
[     463ms] [WARNING] [ Federation Runtime ] Error: [ Federation Runtime ]: Failed to get manifest. #RUNTIME-003
args: {"manifestUrl":"http://localhost:3002/mf-manifest.json","moduleName":"orders","hostName":"shell"}
View the docs to see how to solve: https://module-federation.io/guide/troubleshooting/runtime#runtime-003
Original Error Message:
 TypeError: Failed to fetch
    at http://localhost:3000/main.js:3130:9
    at logAndReport (http://localhost:3000/main.js:86:9)
    at Object.error (http://localhost:3000/main.js:3129:89)
    at getManifest (http://localhost:3000/main.js:1354:21)
    at async asyncLoadProcess (http://localhost:3000/main.js:1399:25)
    at async SnapshotHandler.loadRemoteSnapshotInfo (http://localhost:3000/main.js:1273:27)
    at async Array.afterResolve (http://localhost:3000/main.js:1465:48)
    at async RemoteHandler.getRemoteModuleAndOptions (http://localhost:3000/main.js:1872:21)
    at async RemoteHandler.loadRemote (http://localhost:3000/main.js:1639:55)
    at async Promise.all (index 0) @ http://localhost:3000/main.js:5020
[     464ms] [WARNING] [DEBUG] remote module shape orders 0 {"default":{}} @ http://localhost:3000/src_bootstrap_tsx-webpack_sharing_consume_default_react-dom_react-dom.js:1139
[     467ms] [ERROR] Failed to load resource: net::ERR_CONNECTION_REFUSED @ http://localhost:3002/mf-manifest.json:0
[     467ms] [WARNING] [ Federation Runtime ] Error: [ Federation Runtime ]: Failed to get manifest. #RUNTIME-003
args: {"manifestUrl":"http://localhost:3002/mf-manifest.json","moduleName":"orders","hostName":"shell"}
View the docs to see how to solve: https://module-federation.io/guide/troubleshooting/runtime#runtime-003
Original Error Message:
 TypeError: Failed to fetch
    at http://localhost:3000/main.js:3130:9
    at logAndReport (http://localhost:3000/main.js:86:9)
    at Object.error (http://localhost:3000/main.js:3129:89)
    at getManifest (http://localhost:3000/main.js:1354:21)
    at async asyncLoadProcess (http://localhost:3000/main.js:1399:25)
    at async SnapshotHandler.loadRemoteSnapshotInfo (http://localhost:3000/main.js:1273:27)
    at async Array.afterResolve (http://localhost:3000/main.js:1465:48)
    at async RemoteHandler.getRemoteModuleAndOptions (http://localhost:3000/main.js:1872:21)
    at async RemoteHandler.loadRemote (http://localhost:3000/main.js:1639:55)
    at async Promise.all (index 0) @ http://localhost:3000/main.js:5020
[     467ms] [WARNING] [DEBUG] remote module shape orders 0 {"default":{}} @ http://localhost:3000/src_bootstrap_tsx-webpack_sharing_consume_default_react-dom_react-dom.js:1139
[     470ms] [ERROR] Failed to load resource: net::ERR_CONNECTION_REFUSED @ http://localhost:3002/mf-manifest.json:0
[     471ms] [WARNING] [ Federation Runtime ] Error: [ Federation Runtime ]: Failed to get manifest. #RUNTIME-003
args: {"manifestUrl":"http://localhost:3002/mf-manifest.json","moduleName":"orders","hostName":"shell"}
View the docs to see how to solve: https://module-federation.io/guide/troubleshooting/runtime#runtime-003
Original Error Message:
 TypeError: Failed to fetch
    at http://localhost:3000/main.js:3130:9
    at logAndReport (http://localhost:3000/main.js:86:9)
    at Object.error (http://localhost:3000/main.js:3129:89)
    at getManifest (http://localhost:3000/main.js:1354:21)
    at async asyncLoadProcess (http://localhost:3000/main.js:1399:25)
    at async SnapshotHandler.loadRemoteSnapshotInfo (http://localhost:3000/main.js:1273:27)
    at async Array.afterResolve (http://localhost:3000/main.js:1465:48)
    at async RemoteHandler.getRemoteModuleAndOptions (http://localhost:3000/main.js:1872:21)
    at async RemoteHandler.loadRemote (http://localhost:3000/main.js:1639:55)
    at async Promise.all (index 0) @ http://localhost:3000/main.js:5020
[     471ms] [WARNING] [DEBUG] remote module shape orders 0 {"default":{}} @ http://localhost:3000/src_bootstrap_tsx-webpack_sharing_consume_default_react-dom_react-dom.js:1139
[     476ms] [ERROR] Failed to load resource: net::ERR_CONNECTION_REFUSED @ http://localhost:3002/mf-manifest.json:0
[     476ms] [WARNING] [ Federation Runtime ] Error: [ Federation Runtime ]: Failed to get manifest. #RUNTIME-003
args: {"manifestUrl":"http://localhost:3002/mf-manifest.json","moduleName":"orders","hostName":"shell"}
View the docs to see how to solve: https://module-federation.io/guide/troubleshooting/runtime#runtime-003
Original Error Message:
 TypeError: Failed to fetch
    at http://localhost:3000/main.js:3130:9
    at logAndReport (http://localhost:3000/main.js:86:9)
    at Object.error (http://localhost:3000/main.js:3129:89)
    at getManifest (http://localhost:3000/main.js:1354:21)
    at async asyncLoadProcess (http://localhost:3000/main.js:1399:25)
    at async SnapshotHandler.loadRemoteSnapshotInfo (http://localhost:3000/main.js:1273:27)
    at async Array.afterResolve (http://localhost:3000/main.js:1465:48)
    at async RemoteHandler.getRemoteModuleAndOptions (http://localhost:3000/main.js:1872:21)
    at async RemoteHandler.loadRemote (http://localhost:3000/main.js:1639:55)
    at async Promise.all (index 0) @ http://localhost:3000/main.js:5020
[     476ms] [WARNING] [DEBUG] remote module shape orders 0 {"default":{}} @ http://localhost:3000/src_bootstrap_tsx-webpack_sharing_consume_default_react-dom_react-dom.js:1139
[     779ms] [ERROR] %o

%s

%s
 Error: Element type is invalid. Received a promise that resolves to: [object Object]. Lazy element type must resolve to a class or function.
    at beginWork (http://localhost:3000/vendors-node_modules_pnpm_react-dom_19_3_0_react_19_3_0_node_modules_react-dom_client_js-node-534a50.js:12198:19)
    at runWithFiberInDEV (http://localhost:3000/vendors-node_modules_pnpm_react-dom_19_3_0_react_19_3_0_node_modules_react-dom_client_js-node-534a50.js:1048:30)
    at performUnitOfWork (http://localhost:3000/vendors-node_modules_pnpm_react-dom_19_3_0_react_19_3_0_node_modules_react-dom_client_js-node-534a50.js:19178:22)
    at workLoopSync (http://localhost:3000/vendors-node_modules_pnpm_react-dom_19_3_0_react_19_3_0_node_modules_react-dom_client_js-node-534a50.js:19006:41)
    at renderRootSync (http://localhost:3000/vendors-node_modules_pnpm_react-dom_19_3_0_react_19_3_0_node_modules_react-dom_client_js-node-534a50.js:18987:11)
    at performWorkOnRoot (http://localhost:3000/vendors-node_modules_pnpm_react-dom_19_3_0_react_19_3_0_node_modules_react-dom_client_js-node-534a50.js:18096:35)
    at performWorkOnRootViaSchedulerTask (http://localhost:3000/vendors-node_modules_pnpm_react-dom_19_3_0_react_19_3_0_node_modules_react-dom_client_js-node-534a50.js:20667:7)
    at MessagePort.performWorkUntilDeadline (http://localhost:3000/vendors-node_modules_pnpm_react-dom_19_3_0_react_19_3_0_node_modules_react-dom_client_js-node-534a50.js:31705:48) The above error occurred in one of your React components. React will try to recreate this component tree from scratch using the error boundary you provided, RemoteBoundary. @ http://localhost:3000/vendors-node_modules_pnpm_react-dom_19_3_0_react_19_3_0_node_modules_react-dom_client_js-node-534a50.js:9797
[     779ms] [ERROR] [shell] remote "orders" failed Error: Element type is invalid. Received a promise that resolves to: [object Object]. Lazy element type must resolve to a class or function.
    at beginWork (http://localhost:3000/vendors-node_modules_pnpm_react-dom_19_3_0_react_19_3_0_node_modules_react-dom_client_js-node-534a50.js:12198:19)
    at runWithFiberInDEV (http://localhost:3000/vendors-node_modules_pnpm_react-dom_19_3_0_react_19_3_0_node_modules_react-dom_client_js-node-534a50.js:1048:30)
    at performUnitOfWork (http://localhost:3000/vendors-node_modules_pnpm_react-dom_19_3_0_react_19_3_0_node_modules_react-dom_client_js-node-534a50.js:19178:22)
    at workLoopSync (http://localhost:3000/vendors-node_modules_pnpm_react-dom_19_3_0_react_19_3_0_node_modules_react-dom_client_js-node-534a50.js:19006:41)
    at renderRootSync (http://localhost:3000/vendors-node_modules_pnpm_react-dom_19_3_0_react_19_3_0_node_modules_react-dom_client_js-node-534a50.js:18987:11)
    at performWorkOnRoot (http://localhost:3000/vendors-node_modules_pnpm_react-dom_19_3_0_react_19_3_0_node_modules_react-dom_client_js-node-534a50.js:18096:35)
    at performWorkOnRootViaSchedulerTask (http://localhost:3000/vendors-node_modules_pnpm_react-dom_19_3_0_react_19_3_0_node_modules_react-dom_client_js-node-534a50.js:20667:7)
    at MessagePort.performWorkUntilDeadline (http://localhost:3000/vendors-node_modules_pnpm_react-dom_19_3_0_react_19_3_0_node_modules_react-dom_client_js-node-534a50.js:31705:48) 
    at Lazy (<anonymous>)
    at Suspense (<anonymous>)
    at RemoteBoundary (http://localhost:3000/src_bootstrap_tsx-webpack_sharing_consume_default_react-dom_react-dom.js:1189:9)
    at Remote (http://localhost:3000/src_bootstrap_tsx-webpack_sharing_consume_default_react-dom_react-dom.js:1124:22)
    at SessionGate (http://localhost:3000/src_bootstrap_tsx-webpack_sharing_consume_default_react-dom_react-dom.js:365:26)
    at Suspense (<anonymous>)
    at RemoteBoundary (http://localhost:3000/src_bootstrap_tsx-webpack_sharing_consume_default_react-dom_react-dom.js:1189:9)
    at RequireSession (http://localhost:3000/src_bootstrap_tsx-webpack_sharing_consume_default_react-dom_react-dom.js:328:26)
    at RenderedRoute (http://localhost:3000/vendors-node_modules_pnpm_react-router_8_4_0_react-do_8c7b91c66c8115d08033ff54fc817791_node_m-4a854a.js:7904:26)
    at Outlet (http://localhost:3000/vendors-node_modules_pnpm_react-router_8_4_0_react-do_8c7b91c66c8115d08033ff54fc817791_node_m-4a854a.js:2572:56)
    at main (<anonymous>)
    at div (<anonymous>)
    at Layout (<anonymous>)
    at RenderedRoute (http://localhost:3000/vendors-node_modules_pnpm_react-router_8_4_0_react-do_8c7b91c66c8115d08033ff54fc817791_node_m-4a854a.js:7904:26)
    at Routes (http://localhost:3000/vendors-node_modules_pnpm_react-router_8_4_0_react-do_8c7b91c66c8115d08033ff54fc817791_node_m-4a854a.js:2724:19)
    at App (<anonymous>)
    at Router (http://localhost:3000/vendors-node_modules_pnpm_react-router_8_4_0_react-do_8c7b91c66c8115d08033ff54fc817791_node_m-4a854a.js:2654:29)
    at BrowserRouter (http://localhost:3000/vendors-node_modules_pnpm_react-router_8_4_0_react-do_8c7b91c66c8115d08033ff54fc817791_node_m-4a854a.js:3403:26) @ http://localhost:3000/src_bootstrap_tsx-webpack_sharing_consume_default_react-dom_react-dom.js:1199
[   23802ms] [INFO] [rspack-dev-server] Server started: Hot Module Replacement enabled, Live Reloading enabled, Progress disabled, Overlay enabled. @ http://localhost:3002/remoteEntry.js:7072
[   23803ms] [LOG] [HMR] Waiting for update signal from WDS... @ http://localhost:3002/remoteEntry.js:6409
[   23804ms] [WARNING] [DEBUG] remote module shape orders 1 {"default":{}} @ http://localhost:3000/src_bootstrap_tsx-webpack_sharing_consume_default_react-dom_react-dom.js:1139
[   24031ms] [ERROR] %o

%s

%s
 Error: Element type is invalid. Received a promise that resolves to: [object Object]. Lazy element type must resolve to a class or function.
    at beginWork (http://localhost:3000/vendors-node_modules_pnpm_react-dom_19_3_0_react_19_3_0_node_modules_react-dom_client_js-node-534a50.js:12198:19)
    at runWithFiberInDEV (http://localhost:3000/vendors-node_modules_pnpm_react-dom_19_3_0_react_19_3_0_node_modules_react-dom_client_js-node-534a50.js:1048:30)
    at performUnitOfWork (http://localhost:3000/vendors-node_modules_pnpm_react-dom_19_3_0_react_19_3_0_node_modules_react-dom_client_js-node-534a50.js:19178:22)
    at workLoopSync (http://localhost:3000/vendors-node_modules_pnpm_react-dom_19_3_0_react_19_3_0_node_modules_react-dom_client_js-node-534a50.js:19006:41)
    at renderRootSync (http://localhost:3000/vendors-node_modules_pnpm_react-dom_19_3_0_react_19_3_0_node_modules_react-dom_client_js-node-534a50.js:18987:11)
    at performWorkOnRoot (http://localhost:3000/vendors-node_modules_pnpm_react-dom_19_3_0_react_19_3_0_node_modules_react-dom_client_js-node-534a50.js:18096:35)
    at performWorkOnRootViaSchedulerTask (http://localhost:3000/vendors-node_modules_pnpm_react-dom_19_3_0_react_19_3_0_node_modules_react-dom_client_js-node-534a50.js:20667:7)
    at MessagePort.performWorkUntilDeadline (http://localhost:3000/vendors-node_modules_pnpm_react-dom_19_3_0_react_19_3_0_node_modules_react-dom_client_js-node-534a50.js:31705:48) The above error occurred in one of your React components. React will try to recreate this component tree from scratch using the error boundary you provided, RemoteBoundary. @ http://localhost:3000/vendors-node_modules_pnpm_react-dom_19_3_0_react_19_3_0_node_modules_react-dom_client_js-node-534a50.js:9797
[   24033ms] [ERROR] [shell] remote "orders" failed Error: Element type is invalid. Received a promise that resolves to: [object Object]. Lazy element type must resolve to a class or function.
    at beginWork (http://localhost:3000/vendors-node_modules_pnpm_react-dom_19_3_0_react_19_3_0_node_modules_react-dom_client_js-node-534a50.js:12198:19)
    at runWithFiberInDEV (http://localhost:3000/vendors-node_modules_pnpm_react-dom_19_3_0_react_19_3_0_node_modules_react-dom_client_js-node-534a50.js:1048:30)
    at performUnitOfWork (http://localhost:3000/vendors-node_modules_pnpm_react-dom_19_3_0_react_19_3_0_node_modules_react-dom_client_js-node-534a50.js:19178:22)
    at workLoopSync (http://localhost:3000/vendors-node_modules_pnpm_react-dom_19_3_0_react_19_3_0_node_modules_react-dom_client_js-node-534a50.js:19006:41)
    at renderRootSync (http://localhost:3000/vendors-node_modules_pnpm_react-dom_19_3_0_react_19_3_0_node_modules_react-dom_client_js-node-534a50.js:18987:11)
    at performWorkOnRoot (http://localhost:3000/vendors-node_modules_pnpm_react-dom_19_3_0_react_19_3_0_node_modules_react-dom_client_js-node-534a50.js:18096:35)
    at performWorkOnRootViaSchedulerTask (http://localhost:3000/vendors-node_modules_pnpm_react-dom_19_3_0_react_19_3_0_node_modules_react-dom_client_js-node-534a50.js:20667:7)
    at MessagePort.performWorkUntilDeadline (http://localhost:3000/vendors-node_modules_pnpm_react-dom_19_3_0_react_19_3_0_node_modules_react-dom_client_js-node-534a50.js:31705:48) 
    at Lazy (<anonymous>)
    at Suspense (<anonymous>)
    at RemoteBoundary (http://localhost:3000/src_bootstrap_tsx-webpack_sharing_consume_default_react-dom_react-dom.js:1189:9)
    at Remote (http://localhost:3000/src_bootstrap_tsx-webpack_sharing_consume_default_react-dom_react-dom.js:1124:22)
    at SessionGate (http://localhost:3000/src_bootstrap_tsx-webpack_sharing_consume_default_react-dom_react-dom.js:365:26)
    at Suspense (<anonymous>)
    at RemoteBoundary (http://localhost:3000/src_bootstrap_tsx-webpack_sharing_consume_default_react-dom_react-dom.js:1189:9)
    at RequireSession (http://localhost:3000/src_bootstrap_tsx-webpack_sharing_consume_default_react-dom_react-dom.js:328:26)
    at RenderedRoute (http://localhost:3000/vendors-node_modules_pnpm_react-router_8_4_0_react-do_8c7b91c66c8115d08033ff54fc817791_node_m-4a854a.js:7904:26)
    at Outlet (http://localhost:3000/vendors-node_modules_pnpm_react-router_8_4_0_react-do_8c7b91c66c8115d08033ff54fc817791_node_m-4a854a.js:2572:56)
    at main (<anonymous>)
    at div (<anonymous>)
    at Layout (<anonymous>)
    at RenderedRoute (http://localhost:3000/vendors-node_modules_pnpm_react-router_8_4_0_react-do_8c7b91c66c8115d08033ff54fc817791_node_m-4a854a.js:7904:26)
    at Routes (http://localhost:3000/vendors-node_modules_pnpm_react-router_8_4_0_react-do_8c7b91c66c8115d08033ff54fc817791_node_m-4a854a.js:2724:19)
    at App (<anonymous>)
    at Router (http://localhost:3000/vendors-node_modules_pnpm_react-router_8_4_0_react-do_8c7b91c66c8115d08033ff54fc817791_node_m-4a854a.js:2654:29)
    at BrowserRouter (http://localhost:3000/vendors-node_modules_pnpm_react-router_8_4_0_react-do_8c7b91c66c8115d08033ff54fc817791_node_m-4a854a.js:3403:26) @ http://localhost:3000/src_bootstrap_tsx-webpack_sharing_consume_default_react-dom_react-dom.js:1199
[  233434ms] [INFO] [rspack-dev-server] App updated. Recompiling... @ http://localhost:3000/main.js:7131
[  233567ms] [INFO] [rspack-dev-server] App hot update... @ http://localhost:3000/main.js:7131
[  233567ms] [LOG] [HMR] Checking for updates on the server... @ http://localhost:3000/main.js:6468
[  233592ms] [LOG] [HMR] Nothing hot updated. @ http://localhost:3000/main.js:6468
[  233592ms] [LOG] [HMR] App is up to date. @ http://localhost:3000/main.js:6468
[  234763ms] [INFO] [rspack-dev-server] App updated. Recompiling... @ http://localhost:3000/main.js:7131
[  234892ms] [INFO] [rspack-dev-server] App hot update... @ http://localhost:3000/main.js:7131
[  234892ms] [LOG] [HMR] Checking for updates on the server... @ http://localhost:3000/main.js:6468
[  234921ms] [WARNING] [HMR] Cannot apply update. Need to do a full reload! @ http://localhost:3000/main.js:6470
[  234921ms] [WARNING] [HMR] Error: Aborted because ./src/remote.tsx is not accepted
Update propagation: ./src/remote.tsx -> ./src/App.tsx -> ./src/bootstrap.tsx -> ./src/index.ts
    at hotApplyHandler (http://localhost:3000/main.js:9342:20)
    at http://localhost:3000/main.js:8681:10
    at Array.map (<anonymous>)
    at internalApply (http://localhost:3000/main.js:8680:43)
    at http://localhost:3000/main.js:8655:15
    at waitForBlockingPromises (http://localhost:3000/main.js:8606:37)
    at http://localhost:3000/main.js:8653:13 @ http://localhost:3000/main.js:6470
[  235021ms] [INFO] [rspack-dev-server] Server started: Hot Module Replacement enabled, Live Reloading enabled, Progress disabled, Overlay enabled. @ http://localhost:3000/main.js:7131
[  235022ms] [LOG] [HMR] Waiting for update signal from WDS... @ http://localhost:3000/main.js:6468
[  235122ms] [INFO] %cDownload the React DevTools for a better development experience: https://react.dev/link/react-devtools font-weight:bold @ http://localhost:3000/vendors-node_modules_pnpm_react-dom_19_3_0_react_19_3_0_node_modules_react-dom_client_js-node-534a50.js:31149
[  235261ms] [INFO] [rspack-dev-server] Server started: Hot Module Replacement enabled, Live Reloading enabled, Progress disabled, Overlay enabled. @ http://localhost:3001/remoteEntry.js:7072
[  235263ms] [LOG] [HMR] Waiting for update signal from WDS... @ http://localhost:3001/remoteEntry.js:6409
[  235360ms] [INFO] [rspack-dev-server] Server started: Hot Module Replacement enabled, Live Reloading enabled, Progress disabled, Overlay enabled. @ http://localhost:3002/remoteEntry.js:7072
[  235361ms] [LOG] [HMR] Waiting for update signal from WDS... @ http://localhost:3002/remoteEntry.js:6409
[  236096ms] [INFO] [rspack-dev-server] App updated. Recompiling... @ http://localhost:3000/main.js:7131
[  236220ms] [INFO] [rspack-dev-server] App hot update... @ http://localhost:3000/main.js:7131
[  236221ms] [LOG] [HMR] Checking for updates on the server... @ http://localhost:3000/main.js:6468
[  236249ms] [WARNING] [HMR] Cannot apply update. Need to do a full reload! @ http://localhost:3000/main.js:6470
[  236249ms] [WARNING] [HMR] Error: Aborted because ./src/remote.tsx is not accepted
Update propagation: ./src/remote.tsx -> ./src/App.tsx -> ./src/bootstrap.tsx -> ./src/index.ts
    at hotApplyHandler (http://localhost:3000/main.js:9342:20)
    at http://localhost:3000/main.js:8681:10
    at Array.map (<anonymous>)
    at internalApply (http://localhost:3000/main.js:8680:43)
    at http://localhost:3000/main.js:8655:15
    at waitForBlockingPromises (http://localhost:3000/main.js:8606:37)
    at http://localhost:3000/main.js:8653:13 @ http://localhost:3000/main.js:6470
[  236369ms] [INFO] [rspack-dev-server] Server started: Hot Module Replacement enabled, Live Reloading enabled, Progress disabled, Overlay enabled. @ http://localhost:3000/main.js:7131
[  236371ms] [LOG] [HMR] Waiting for update signal from WDS... @ http://localhost:3000/main.js:6468
[  236473ms] [INFO] %cDownload the React DevTools for a better development experience: https://react.dev/link/react-devtools font-weight:bold @ http://localhost:3000/vendors-node_modules_pnpm_react-dom_19_3_0_react_19_3_0_node_modules_react-dom_client_js-node-534a50.js:31149
[  236575ms] [INFO] [rspack-dev-server] Server started: Hot Module Replacement enabled, Live Reloading enabled, Progress disabled, Overlay enabled. @ http://localhost:3001/remoteEntry.js:7072
[  236576ms] [LOG] [HMR] Waiting for update signal from WDS... @ http://localhost:3001/remoteEntry.js:6409
[  236640ms] [INFO] [rspack-dev-server] Server started: Hot Module Replacement enabled, Live Reloading enabled, Progress disabled, Overlay enabled. @ http://localhost:3002/remoteEntry.js:7072
[  236640ms] [LOG] [HMR] Waiting for update signal from WDS... @ http://localhost:3002/remoteEntry.js:6409
[  237456ms] [INFO] [rspack-dev-server] App updated. Recompiling... @ http://localhost:3000/main.js:7131
[  237586ms] [INFO] [rspack-dev-server] App hot update... @ http://localhost:3000/main.js:7131
[  237586ms] [LOG] [HMR] Checking for updates on the server... @ http://localhost:3000/main.js:6468
[  237592ms] [INFO] [rspack-dev-server] App updated. Recompiling... @ http://localhost:3000/main.js:7131
[  237691ms] [INFO] [rspack-dev-server] App hot update... @ http://localhost:3000/main.js:7131
[  237699ms] [ERROR] Failed to load resource: the server responded with a status of 404 (Not Found) @ http://localhost:3000/main.18cb5cfda98c9a6e.hot-update.json:0
[  237699ms] [WARNING] [HMR] Cannot find update. Need to do a full reload! @ http://localhost:3000/main.js:6470
[  237699ms] [WARNING] [HMR] (Probably because of restarting the rspack-dev-server) @ http://localhost:3000/main.js:6470
[  237822ms] [INFO] [rspack-dev-server] Server started: Hot Module Replacement enabled, Live Reloading enabled, Progress disabled, Overlay enabled. @ http://localhost:3000/main.js:7091
[  237823ms] [LOG] [HMR] Waiting for update signal from WDS... @ http://localhost:3000/main.js:6428
[  237924ms] [INFO] %cDownload the React DevTools for a better development experience: https://react.dev/link/react-devtools font-weight:bold @ http://localhost:3000/vendors-node_modules_pnpm_react-dom_19_3_0_react_19_3_0_node_modules_react-dom_client_js-node-534a50.js:31149
[  237955ms] [ERROR] %o

%s

%s
 ReferenceError: loadRemoteModule is not defined
    at loadUserMenu (http://localhost:3000/src_bootstrap_tsx-webpack_sharing_consume_default_react-dom_react-dom.js:88:5)
    at lazyInitializer (http://localhost:3000/vendors-node_modules_pnpm_react_19_3_0_node_modules_react_index_js.js:478:24)
    at Object.react_stack_bottom_frame (http://localhost:3000/vendors-node_modules_pnpm_react-dom_19_3_0_react_19_3_0_node_modules_react-dom_client_js-node-534a50.js:28680:18)
    at resolveLazy (http://localhost:3000/vendors-node_modules_pnpm_react-dom_19_3_0_react_19_3_0_node_modules_react-dom_client_js-node-534a50.js:6363:16)
    at beginWork (http://localhost:3000/vendors-node_modules_pnpm_react-dom_19_3_0_react_19_3_0_node_modules_react-dom_client_js-node-534a50.js:12129:24)
    at runWithFiberInDEV (http://localhost:3000/vendors-node_modules_pnpm_react-dom_19_3_0_react_19_3_0_node_modules_react-dom_client_js-node-534a50.js:1048:30)
    at performUnitOfWork (http://localhost:3000/vendors-node_modules_pnpm_react-dom_19_3_0_react_19_3_0_node_modules_react-dom_client_js-node-534a50.js:19178:22)
    at workLoopSync (http://localhost:3000/vendors-node_modules_pnpm_react-dom_19_3_0_react_19_3_0_node_modules_react-dom_client_js-node-534a50.js:19006:41)
    at renderRootSync (http://localhost:3000/vendors-node_modules_pnpm_react-dom_19_3_0_react_19_3_0_node_modules_react-dom_client_js-node-534a50.js:18987:11)
    at performWorkOnRoot (http://localhost:3000/vendors-node_modules_pnpm_react-dom_19_3_0_react_19_3_0_node_modules_react-dom_client_js-node-534a50.js:18096:35) The above error occurred in one of your React components. React will try to recreate this component tree from scratch using the error boundary you provided, RemoteBoundary. @ http://localhost:3000/vendors-node_modules_pnpm_react-dom_19_3_0_react_19_3_0_node_modules_react-dom_client_js-node-534a50.js:9797
[  237956ms] [ERROR] [shell] remote "auth" failed ReferenceError: loadRemoteModule is not defined
    at loadUserMenu (http://localhost:3000/src_bootstrap_tsx-webpack_sharing_consume_default_react-dom_react-dom.js:88:5)
    at lazyInitializer (http://localhost:3000/vendors-node_modules_pnpm_react_19_3_0_node_modules_react_index_js.js:478:24)
    at Object.react_stack_bottom_frame (http://localhost:3000/vendors-node_modules_pnpm_react-dom_19_3_0_react_19_3_0_node_modules_react-dom_client_js-node-534a50.js:28680:18)
    at resolveLazy (http://localhost:3000/vendors-node_modules_pnpm_react-dom_19_3_0_react_19_3_0_node_modules_react-dom_client_js-node-534a50.js:6363:16)
    at beginWork (http://localhost:3000/vendors-node_modules_pnpm_react-dom_19_3_0_react_19_3_0_node_modules_react-dom_client_js-node-534a50.js:12129:24)
    at runWithFiberInDEV (http://localhost:3000/vendors-node_modules_pnpm_react-dom_19_3_0_react_19_3_0_node_modules_react-dom_client_js-node-534a50.js:1048:30)
    at performUnitOfWork (http://localhost:3000/vendors-node_modules_pnpm_react-dom_19_3_0_react_19_3_0_node_modules_react-dom_client_js-node-534a50.js:19178:22)
    at workLoopSync (http://localhost:3000/vendors-node_modules_pnpm_react-dom_19_3_0_react_19_3_0_node_modules_react-dom_client_js-node-534a50.js:19006:41)
    at renderRootSync (http://localhost:3000/vendors-node_modules_pnpm_react-dom_19_3_0_react_19_3_0_node_modules_react-dom_client_js-node-534a50.js:18987:11)
    at performWorkOnRoot (http://localhost:3000/vendors-node_modules_pnpm_react-dom_19_3_0_react_19_3_0_node_modules_react-dom_client_js-node-534a50.js:18096:35) 
    at Lazy (<anonymous>)
    at Suspense (<anonymous>)
    at RemoteBoundary (http://localhost:3000/src_bootstrap_tsx-webpack_sharing_consume_default_react-dom_react-dom.js:1174:9)
    at Remote (http://localhost:3000/src_bootstrap_tsx-webpack_sharing_consume_default_react-dom_react-dom.js:1124:22)
    at div (<anonymous>)
    at header (<anonymous>)
    at div (<anonymous>)
    at Layout (<anonymous>)
    at RenderedRoute (http://localhost:3000/vendors-node_modules_pnpm_react-router_8_4_0_react-do_8c7b91c66c8115d08033ff54fc817791_node_m-4a854a.js:7904:26)
    at Routes (http://localhost:3000/vendors-node_modules_pnpm_react-router_8_4_0_react-do_8c7b91c66c8115d08033ff54fc817791_node_m-4a854a.js:2724:19)
    at App (<anonymous>)
    at Router (http://localhost:3000/vendors-node_modules_pnpm_react-router_8_4_0_react-do_8c7b91c66c8115d08033ff54fc817791_node_m-4a854a.js:2654:29)
    at BrowserRouter (http://localhost:3000/vendors-node_modules_pnpm_react-router_8_4_0_react-do_8c7b91c66c8115d08033ff54fc817791_node_m-4a854a.js:3403:26) @ http://localhost:3000/src_bootstrap_tsx-webpack_sharing_consume_default_react-dom_react-dom.js:1184
[  238032ms] [INFO] [rspack-dev-server] Server started: Hot Module Replacement enabled, Live Reloading enabled, Progress disabled, Overlay enabled. @ http://localhost:3001/remoteEntry.js:7072
[  238032ms] [LOG] [HMR] Waiting for update signal from WDS... @ http://localhost:3001/remoteEntry.js:6409
[  238259ms] [ERROR] %o

%s

%s
 ReferenceError: loadRemoteModule is not defined
    at loadOrdersApp (http://localhost:3000/src_bootstrap_tsx-webpack_sharing_consume_default_react-dom_react-dom.js:82:5)
    at lazyInitializer (http://localhost:3000/vendors-node_modules_pnpm_react_19_3_0_node_modules_react_index_js.js:478:24)
    at Object.react_stack_bottom_frame (http://localhost:3000/vendors-node_modules_pnpm_react-dom_19_3_0_react_19_3_0_node_modules_react-dom_client_js-node-534a50.js:28680:18)
    at resolveLazy (http://localhost:3000/vendors-node_modules_pnpm_react-dom_19_3_0_react_19_3_0_node_modules_react-dom_client_js-node-534a50.js:6363:16)
    at beginWork (http://localhost:3000/vendors-node_modules_pnpm_react-dom_19_3_0_react_19_3_0_node_modules_react-dom_client_js-node-534a50.js:12129:24)
    at runWithFiberInDEV (http://localhost:3000/vendors-node_modules_pnpm_react-dom_19_3_0_react_19_3_0_node_modules_react-dom_client_js-node-534a50.js:1048:30)
    at performUnitOfWork (http://localhost:3000/vendors-node_modules_pnpm_react-dom_19_3_0_react_19_3_0_node_modules_react-dom_client_js-node-534a50.js:19178:22)
    at workLoopSync (http://localhost:3000/vendors-node_modules_pnpm_react-dom_19_3_0_react_19_3_0_node_modules_react-dom_client_js-node-534a50.js:19006:41)
    at renderRootSync (http://localhost:3000/vendors-node_modules_pnpm_react-dom_19_3_0_react_19_3_0_node_modules_react-dom_client_js-node-534a50.js:18987:11)
    at performWorkOnRoot (http://localhost:3000/vendors-node_modules_pnpm_react-dom_19_3_0_react_19_3_0_node_modules_react-dom_client_js-node-534a50.js:18096:35) The above error occurred in one of your React components. React will try to recreate this component tree from scratch using the error boundary you provided, RemoteBoundary. @ http://localhost:3000/vendors-node_modules_pnpm_react-dom_19_3_0_react_19_3_0_node_modules_react-dom_client_js-node-534a50.js:9797
[  238259ms] [ERROR] [shell] remote "orders" failed ReferenceError: loadRemoteModule is not defined
    at loadOrdersApp (http://localhost:3000/src_bootstrap_tsx-webpack_sharing_consume_default_react-dom_react-dom.js:82:5)
    at lazyInitializer (http://localhost:3000/vendors-node_modules_pnpm_react_19_3_0_node_modules_react_index_js.js:478:24)
    at Object.react_stack_bottom_frame (http://localhost:3000/vendors-node_modules_pnpm_react-dom_19_3_0_react_19_3_0_node_modules_react-dom_client_js-node-534a50.js:28680:18)
    at resolveLazy (http://localhost:3000/vendors-node_modules_pnpm_react-dom_19_3_0_react_19_3_0_node_modules_react-dom_client_js-node-534a50.js:6363:16)
    at beginWork (http://localhost:3000/vendors-node_modules_pnpm_react-dom_19_3_0_react_19_3_0_node_modules_react-dom_client_js-node-534a50.js:12129:24)
    at runWithFiberInDEV (http://localhost:3000/vendors-node_modules_pnpm_react-dom_19_3_0_react_19_3_0_node_modules_react-dom_client_js-node-534a50.js:1048:30)
    at performUnitOfWork (http://localhost:3000/vendors-node_modules_pnpm_react-dom_19_3_0_react_19_3_0_node_modules_react-dom_client_js-node-534a50.js:19178:22)
    at workLoopSync (http://localhost:3000/vendors-node_modules_pnpm_react-dom_19_3_0_react_19_3_0_node_modules_react-dom_client_js-node-534a50.js:19006:41)
    at renderRootSync (http://localhost:3000/vendors-node_modules_pnpm_react-dom_19_3_0_react_19_3_0_node_modules_react-dom_client_js-node-534a50.js:18987:11)
    at performWorkOnRoot (http://localhost:3000/vendors-node_modules_pnpm_react-dom_19_3_0_react_19_3_0_node_modules_react-dom_client_js-node-534a50.js:18096:35) 
    at Lazy (<anonymous>)
    at Suspense (<anonymous>)
    at RemoteBoundary (http://localhost:3000/src_bootstrap_tsx-webpack_sharing_consume_default_react-dom_react-dom.js:1174:9)
    at Remote (http://localhost:3000/src_bootstrap_tsx-webpack_sharing_consume_default_react-dom_react-dom.js:1124:22)
    at SessionGate (http://localhost:3000/src_bootstrap_tsx-webpack_sharing_consume_default_react-dom_react-dom.js:365:26)
    at Suspense (<anonymous>)
    at RemoteBoundary (http://localhost:3000/src_bootstrap_tsx-webpack_sharing_consume_default_react-dom_react-dom.js:1174:9)
    at RequireSession (http://localhost:3000/src_bootstrap_tsx-webpack_sharing_consume_default_react-dom_react-dom.js:328:26)
    at RenderedRoute (http://localhost:3000/vendors-node_modules_pnpm_react-router_8_4_0_react-do_8c7b91c66c8115d08033ff54fc817791_node_m-4a854a.js:7904:26)
    at Outlet (http://localhost:3000/vendors-node_modules_pnpm_react-router_8_4_0_react-do_8c7b91c66c8115d08033ff54fc817791_node_m-4a854a.js:2572:56)
    at main (<anonymous>)
    at div (<anonymous>)
    at Layout (<anonymous>)
    at RenderedRoute (http://localhost:3000/vendors-node_modules_pnpm_react-router_8_4_0_react-do_8c7b91c66c8115d08033ff54fc817791_node_m-4a854a.js:7904:26)
    at Routes (http://localhost:3000/vendors-node_modules_pnpm_react-router_8_4_0_react-do_8c7b91c66c8115d08033ff54fc817791_node_m-4a854a.js:2724:19)
    at App (<anonymous>)
    at Router (http://localhost:3000/vendors-node_modules_pnpm_react-router_8_4_0_react-do_8c7b91c66c8115d08033ff54fc817791_node_m-4a854a.js:2654:29)
    at BrowserRouter (http://localhost:3000/vendors-node_modules_pnpm_react-router_8_4_0_react-do_8c7b91c66c8115d08033ff54fc817791_node_m-4a854a.js:3403:26) @ http://localhost:3000/src_bootstrap_tsx-webpack_sharing_consume_default_react-dom_react-dom.js:1184
[  238772ms] [INFO] [rspack-dev-server] App updated. Recompiling... @ http://localhost:3000/main.js:7091
[  238876ms] [INFO] [rspack-dev-server] App hot update... @ http://localhost:3000/main.js:7091
[  238876ms] [LOG] [HMR] Checking for updates on the server... @ http://localhost:3000/main.js:6428
[  238903ms] [WARNING] [HMR] Cannot apply update. Need to do a full reload! @ http://localhost:3000/main.js:6430
[  238903ms] [WARNING] [HMR] Error: Aborted because ./src/index.ts is not accepted
Update propagation: ./src/index.ts
    at hotApplyHandler (http://localhost:3000/main.js:9302:20)
    at http://localhost:3000/main.js:8641:10
    at Array.map (<anonymous>)
    at internalApply (http://localhost:3000/main.js:8640:43)
    at http://localhost:3000/main.js:8615:15
    at waitForBlockingPromises (http://localhost:3000/main.js:8566:37)
    at http://localhost:3000/main.js:8613:13 @ http://localhost:3000/main.js:6430
[  239019ms] [INFO] [rspack-dev-server] Server started: Hot Module Replacement enabled, Live Reloading enabled, Progress disabled, Overlay enabled. @ http://localhost:3000/main.js:7091
[  239021ms] [LOG] [HMR] Waiting for update signal from WDS... @ http://localhost:3000/main.js:6428
[  239162ms] [INFO] %cDownload the React DevTools for a better development experience: https://react.dev/link/react-devtools font-weight:bold @ http://localhost:3000/vendors-node_modules_pnpm_react-dom_19_3_0_react_19_3_0_node_modules_react-dom_client_js-node-40c95e.js:31149
[  239275ms] [INFO] [rspack-dev-server] Server started: Hot Module Replacement enabled, Live Reloading enabled, Progress disabled, Overlay enabled. @ http://localhost:3001/remoteEntry.js:7072
[  239275ms] [LOG] [HMR] Waiting for update signal from WDS... @ http://localhost:3001/remoteEntry.js:6409
[  239337ms] [INFO] [rspack-dev-server] Server started: Hot Module Replacement enabled, Live Reloading enabled, Progress disabled, Overlay enabled. @ http://localhost:3002/remoteEntry.js:7072
[  239337ms] [LOG] [HMR] Waiting for update signal from WDS... @ http://localhost:3002/remoteEntry.js:6409
[  240100ms] [INFO] [rspack-dev-server] App updated. Recompiling... @ http://localhost:3000/main.js:7091
[  240211ms] [INFO] [rspack-dev-server] App hot update... @ http://localhost:3000/main.js:7091
[  240212ms] [LOG] [HMR] Checking for updates on the server... @ http://localhost:3000/main.js:6428
[  240218ms] [INFO] [rspack-dev-server] App updated. Recompiling... @ http://localhost:3000/main.js:7091
[  240301ms] [INFO] [rspack-dev-server] App hot update... @ http://localhost:3000/main.js:7091
[  240308ms] [ERROR] Failed to load resource: the server responded with a status of 404 (Not Found) @ http://localhost:3000/main.d225638f31517148.hot-update.json:0
[  240309ms] [WARNING] [HMR] Cannot find update. Need to do a full reload! @ http://localhost:3000/main.js:6430
[  240309ms] [WARNING] [HMR] (Probably because of restarting the rspack-dev-server) @ http://localhost:3000/main.js:6430
[  240429ms] [INFO] [rspack-dev-server] Server started: Hot Module Replacement enabled, Live Reloading enabled, Progress disabled, Overlay enabled. @ http://localhost:3000/main.js:7091
[  240430ms] [LOG] [HMR] Waiting for update signal from WDS... @ http://localhost:3000/main.js:6428
[  240529ms] [INFO] %cDownload the React DevTools for a better development experience: https://react.dev/link/react-devtools font-weight:bold @ http://localhost:3000/vendors-node_modules_pnpm_react-dom_19_3_0_react_19_3_0_node_modules_react-dom_client_js-node-40c95e.js:31149
[  240605ms] [INFO] [rspack-dev-server] Server started: Hot Module Replacement enabled, Live Reloading enabled, Progress disabled, Overlay enabled. @ http://localhost:3001/remoteEntry.js:7072
[  240605ms] [LOG] [HMR] Waiting for update signal from WDS... @ http://localhost:3001/remoteEntry.js:6409
[  240673ms] [INFO] [rspack-dev-server] Server started: Hot Module Replacement enabled, Live Reloading enabled, Progress disabled, Overlay enabled. @ http://localhost:3002/remoteEntry.js:7072
[  240673ms] [LOG] [HMR] Waiting for update signal from WDS... @ http://localhost:3002/remoteEntry.js:6409
[  241421ms] [INFO] [rspack-dev-server] App updated. Recompiling... @ http://localhost:3000/main.js:7091
[  241525ms] [INFO] [rspack-dev-server] App hot update... @ http://localhost:3000/main.js:7091
[  241526ms] [LOG] [HMR] Checking for updates on the server... @ http://localhost:3000/main.js:6428
[  241546ms] [WARNING] [HMR] Cannot apply update. Need to do a full reload! @ http://localhost:3000/main.js:6430
[  241546ms] [WARNING] [HMR] Error: Aborted because ./src/use-session.ts is not accepted
Update propagation: ./src/use-session.ts -> ./src/App.tsx -> ./src/bootstrap.tsx -> ./src/index.ts
    at hotApplyHandler (http://localhost:3000/main.js:9302:20)
    at http://localhost:3000/main.js:8641:10
    at Array.map (<anonymous>)
    at internalApply (http://localhost:3000/main.js:8640:43)
    at http://localhost:3000/main.js:8615:15
    at waitForBlockingPromises (http://localhost:3000/main.js:8566:37)
    at http://localhost:3000/main.js:8613:13 @ http://localhost:3000/main.js:6430
[  241681ms] [INFO] [rspack-dev-server] Server started: Hot Module Replacement enabled, Live Reloading enabled, Progress disabled, Overlay enabled. @ http://localhost:3000/main.js:7071
[  241687ms] [LOG] [HMR] Waiting for update signal from WDS... @ http://localhost:3000/main.js:6408
[  241795ms] [INFO] %cDownload the React DevTools for a better development experience: https://react.dev/link/react-devtools font-weight:bold @ http://localhost:3000/vendors-node_modules_pnpm_react-dom_19_3_0_react_19_3_0_node_modules_react-dom_client_js-node-40c95e.js:31149
[  241892ms] [INFO] [rspack-dev-server] Server started: Hot Module Replacement enabled, Live Reloading enabled, Progress disabled, Overlay enabled. @ http://localhost:3001/remoteEntry.js:7072
[  241893ms] [LOG] [HMR] Waiting for update signal from WDS... @ http://localhost:3001/remoteEntry.js:6409
[  241962ms] [INFO] [rspack-dev-server] Server started: Hot Module Replacement enabled, Live Reloading enabled, Progress disabled, Overlay enabled. @ http://localhost:3002/remoteEntry.js:7072
[  241963ms] [LOG] [HMR] Waiting for update signal from WDS... @ http://localhost:3002/remoteEntry.js:6409
[  251231ms] [INFO] [rspack-dev-server] App updated. Recompiling... @ http://localhost:3000/main.js:7071
[  251310ms] [INFO] [rspack-dev-server] App hot update... @ http://localhost:3000/main.js:7071
[  251310ms] [LOG] [HMR] Checking for updates on the server... @ http://localhost:3000/main.js:6408
[  251332ms] [LOG] [HMR] Nothing hot updated. @ http://localhost:3000/main.js:6408
[  251332ms] [LOG] [HMR] App is up to date. @ http://localhost:3000/main.js:6408
[  252984ms] [INFO] [rspack-dev-server] Disconnected! @ http://localhost:3002/remoteEntry.js:7072
[  252985ms] [INFO] [rspack-dev-server] Trying to reconnect... @ http://localhost:3002/remoteEntry.js:7072
[  253994ms] [ERROR] WebSocket connection to 'ws://localhost:3002/ws' failed: Error in connection establishment: net::ERR_CONNECTION_REFUSED @ http://localhost:3002/remoteEntry.js:6493
[  253994ms] [ERROR] [rspack-dev-server] Event @ http://localhost:3002/remoteEntry.js:7080
[  253995ms] [INFO] [rspack-dev-server] Trying to reconnect... @ http://localhost:3002/remoteEntry.js:7072
[  256060ms] [ERROR] WebSocket connection to 'ws://localhost:3002/ws' failed: Error in connection establishment: net::ERR_CONNECTION_REFUSED @ http://localhost:3002/remoteEntry.js:6493
[  256061ms] [ERROR] [rspack-dev-server] Event @ http://localhost:3002/remoteEntry.js:7080
[  256062ms] [INFO] [rspack-dev-server] Trying to reconnect... @ http://localhost:3002/remoteEntry.js:7072
[  260130ms] [ERROR] WebSocket connection to 'ws://localhost:3002/ws' failed: Error in connection establishment: net::ERR_CONNECTION_REFUSED @ http://localhost:3002/remoteEntry.js:6493
[  260130ms] [ERROR] [rspack-dev-server] Event @ http://localhost:3002/remoteEntry.js:7080
[  260131ms] [INFO] [rspack-dev-server] Trying to reconnect... @ http://localhost:3002/remoteEntry.js:7072
