[      78ms] [INFO] [rspack-dev-server] Server started: Hot Module Replacement enabled, Live Reloading enabled, Progress disabled, Overlay enabled. @ http://localhost:3000/main.js:7071
[      78ms] [LOG] [HMR] Waiting for update signal from WDS... @ http://localhost:3000/main.js:6408
[     191ms] [INFO] %cDownload the React DevTools for a better development experience: https://react.dev/link/react-devtools font-weight:bold @ http://localhost:3000/vendors-node_modules_pnpm_react-dom_19_3_0_react_19_3_0_node_modules_react-dom_client_js-node-40c95e.js:31149
[     300ms] [INFO] [rspack-dev-server] Server started: Hot Module Replacement enabled, Live Reloading enabled, Progress disabled, Overlay enabled. @ http://localhost:3001/remoteEntry.js:7072
[     301ms] [LOG] [HMR] Waiting for update signal from WDS... @ http://localhost:3001/remoteEntry.js:6409
[     313ms] [ERROR] Failed to load resource: net::ERR_CONNECTION_REFUSED @ http://localhost:3002/mf-manifest.json:0
[     314ms] [WARNING] [ Federation Runtime ] Error: [ Federation Runtime ]: Failed to get manifest. #RUNTIME-003
args: {"manifestUrl":"http://localhost:3002/mf-manifest.json","moduleName":"orders","hostName":"shell"}
View the docs to see how to solve: https://module-federation.io/guide/troubleshooting/runtime#runtime-003
Original Error Message:
 TypeError: Failed to fetch
    at http://localhost:3000/main.js:3070:9
    at logAndReport (http://localhost:3000/main.js:26:9)
    at Object.error (http://localhost:3000/main.js:3069:89)
    at getManifest (http://localhost:3000/main.js:1294:21)
    at async asyncLoadProcess (http://localhost:3000/main.js:1339:25)
    at async SnapshotHandler.loadRemoteSnapshotInfo (http://localhost:3000/main.js:1213:27)
    at async Array.afterResolve (http://localhost:3000/main.js:1405:48)
    at async RemoteHandler.getRemoteModuleAndOptions (http://localhost:3000/main.js:1812:21)
    at async RemoteHandler.loadRemote (http://localhost:3000/main.js:1579:55) @ http://localhost:3000/main.js:4960
[     516ms] [ERROR] %o

%s

%s
 Error: [ Federation Runtime ]: Failed to get manifest. #RUNTIME-003
args: {"manifestUrl":"http://localhost:3002/mf-manifest.json","moduleName":"orders","hostName":"shell"}
View the docs to see how to solve: https://module-federation.io/guide/troubleshooting/runtime#runtime-003
Original Error Message:
 TypeError: Failed to fetch
    at http://localhost:3000/main.js:3070:9
    at logAndReport (http://localhost:3000/main.js:26:9)
    at Object.error (http://localhost:3000/main.js:3069:89)
    at getManifest (http://localhost:3000/main.js:1294:21)
    at async asyncLoadProcess (http://localhost:3000/main.js:1339:25)
    at async SnapshotHandler.loadRemoteSnapshotInfo (http://localhost:3000/main.js:1213:27)
    at async Array.afterResolve (http://localhost:3000/main.js:1405:48)
    at async RemoteHandler.getRemoteModuleAndOptions (http://localhost:3000/main.js:1812:21)
    at async RemoteHandler.loadRemote (http://localhost:3000/main.js:1579:55) The above error occurred in one of your React components. React will try to recreate this component tree from scratch using the error boundary you provided, RemoteBoundary. @ http://localhost:3000/vendors-node_modules_pnpm_react-dom_19_3_0_react_19_3_0_node_modules_react-dom_client_js-node-40c95e.js:9797
[     517ms] [ERROR] [shell] remote "orders" failed Error: [ Federation Runtime ]: Failed to get manifest. #RUNTIME-003
args: {"manifestUrl":"http://localhost:3002/mf-manifest.json","moduleName":"orders","hostName":"shell"}
View the docs to see how to solve: https://module-federation.io/guide/troubleshooting/runtime#runtime-003
Original Error Message:
 TypeError: Failed to fetch
    at http://localhost:3000/main.js:3070:9
    at logAndReport (http://localhost:3000/main.js:26:9)
    at Object.error (http://localhost:3000/main.js:3069:89)
    at getManifest (http://localhost:3000/main.js:1294:21)
    at async asyncLoadProcess (http://localhost:3000/main.js:1339:25)
    at async SnapshotHandler.loadRemoteSnapshotInfo (http://localhost:3000/main.js:1213:27)
    at async Array.afterResolve (http://localhost:3000/main.js:1405:48)
    at async RemoteHandler.getRemoteModuleAndOptions (http://localhost:3000/main.js:1812:21)
    at async RemoteHandler.loadRemote (http://localhost:3000/main.js:1579:55) 
    at Lazy (<anonymous>)
    at Suspense (<anonymous>)
    at RemoteBoundary (http://localhost:3000/src_bootstrap_tsx-webpack_sharing_consume_default_react-dom_react-dom.js:1356:9)
    at Remote (http://localhost:3000/src_bootstrap_tsx-webpack_sharing_consume_default_react-dom_react-dom.js:1309:22)
    at SessionGate (http://localhost:3000/src_bootstrap_tsx-webpack_sharing_consume_default_react-dom_react-dom.js:368:26)
    at Suspense (<anonymous>)
    at RemoteBoundary (http://localhost:3000/src_bootstrap_tsx-webpack_sharing_consume_default_react-dom_react-dom.js:1356:9)
    at RequireSession (http://localhost:3000/src_bootstrap_tsx-webpack_sharing_consume_default_react-dom_react-dom.js:330:26)
    at RenderedRoute (http://localhost:3000/vendors-node_modules_pnpm_react-router_8_4_0_react-do_8c7b91c66c8115d08033ff54fc817791_node_m-4a854a.js:7904:26)
    at Outlet (http://localhost:3000/vendors-node_modules_pnpm_react-router_8_4_0_react-do_8c7b91c66c8115d08033ff54fc817791_node_m-4a854a.js:2572:56)
    at main (<anonymous>)
    at div (<anonymous>)
    at Layout (<anonymous>)
    at RenderedRoute (http://localhost:3000/vendors-node_modules_pnpm_react-router_8_4_0_react-do_8c7b91c66c8115d08033ff54fc817791_node_m-4a854a.js:7904:26)
    at Routes (http://localhost:3000/vendors-node_modules_pnpm_react-router_8_4_0_react-do_8c7b91c66c8115d08033ff54fc817791_node_m-4a854a.js:2724:19)
    at App (<anonymous>)
    at Router (http://localhost:3000/vendors-node_modules_pnpm_react-router_8_4_0_react-do_8c7b91c66c8115d08033ff54fc817791_node_m-4a854a.js:2654:29)
    at BrowserRouter (http://localhost:3000/vendors-node_modules_pnpm_react-router_8_4_0_react-do_8c7b91c66c8115d08033ff54fc817791_node_m-4a854a.js:3403:26) @ http://localhost:3000/src_bootstrap_tsx-webpack_sharing_consume_default_react-dom_react-dom.js:1366
[   64037ms] [INFO] [rspack-dev-server] Server started: Hot Module Replacement enabled, Live Reloading enabled, Progress disabled, Overlay enabled. @ http://localhost:3002/remoteEntry.js:7072
[   64038ms] [LOG] [HMR] Waiting for update signal from WDS... @ http://localhost:3002/remoteEntry.js:6409
